Archive member included to satisfy reference by file (symbol)

app/libapp.a(main.c.obj)      (--whole-archive)
app/libapp.a(flash_map_extended.c.obj)
                              (--whole-archive)
app/libapp.a(os.c.obj)        (--whole-archive)
app/libapp.a(keys.c.obj)      (--whole-archive)
app/libapp.a(image_validate.c.obj)
                              (--whole-archive)
app/libapp.a(tlv.c.obj)       (--whole-archive)
app/libapp.a(encrypted.c.obj)
                              (--whole-archive)
app/libapp.a(image_rsa.c.obj)
                              (--whole-archive)
app/libapp.a(image_ec256.c.obj)
                              (--whole-archive)
app/libapp.a(image_ed25519.c.obj)
                              (--whole-archive)
app/libapp.a(bootutil_misc.c.obj)
                              (--whole-archive)
app/libapp.a(fault_injection_hardening.c.obj)
                              (--whole-archive)
app/libapp.a(loader.c.obj)    (--whole-archive)
app/libapp.a(swap_misc.c.obj)
                              (--whole-archive)
app/libapp.a(swap_scratch.c.obj)
                              (--whole-archive)
app/libapp.a(swap_move.c.obj)
                              (--whole-archive)
app/libapp.a(caps.c.obj)      (--whole-archive)
app/libapp.a(autogen-pubkey.c.obj)
                              (--whole-archive)
app/libapp.a(nrf_cleanup.c.obj)
                              (--whole-archive)
zephyr/libzephyr.a(base64.c.obj)
                              (--whole-archive)
zephyr/libzephyr.a(cbprintf.c.obj)
                              (--whole-archive)
zephyr/libzephyr.a(cbprintf_packaged.c.obj)
                              (--whole-archive)
zephyr/libzephyr.a(crc32c_sw.c.obj)
                              (--whole-archive)
zephyr/libzephyr.a(crc32_sw.c.obj)
                              (--whole-archive)
zephyr/libzephyr.a(crc16_sw.c.obj)
                              (--whole-archive)
zephyr/libzephyr.a(crc8_sw.c.obj)
                              (--whole-archive)
zephyr/libzephyr.a(crc7_sw.c.obj)
                              (--whole-archive)
zephyr/libzephyr.a(dec.c.obj)
                              (--whole-archive)
zephyr/libzephyr.a(fdtable.c.obj)
                              (--whole-archive)
zephyr/libzephyr.a(hex.c.obj)
                              (--whole-archive)
zephyr/libzephyr.a(notify.c.obj)
                              (--whole-archive)
zephyr/libzephyr.a(printk.c.obj)
                              (--whole-archive)
zephyr/libzephyr.a(onoff.c.obj)
                              (--whole-archive)
zephyr/libzephyr.a(rb.c.obj)  (--whole-archive)
zephyr/libzephyr.a(sem.c.obj)
                              (--whole-archive)
zephyr/libzephyr.a(thread_entry.c.obj)
                              (--whole-archive)
zephyr/libzephyr.a(timeutil.c.obj)
                              (--whole-archive)
zephyr/libzephyr.a(heap.c.obj)
                              (--whole-archive)
zephyr/libzephyr.a(heap-validate.c.obj)
                              (--whole-archive)
zephyr/libzephyr.a(bitarray.c.obj)
                              (--whole-archive)
zephyr/libzephyr.a(cbprintf_nano.c.obj)
                              (--whole-archive)
zephyr/libzephyr.a(ring_buffer.c.obj)
                              (--whole-archive)
zephyr/libzephyr.a(reboot.c.obj)
                              (--whole-archive)
zephyr/libzephyr.a(configs.c.obj)
                              (--whole-archive)
zephyr/libzephyr.a(validate_base_addresses.c.obj)
                              (--whole-archive)
zephyr/libzephyr.a(validate_enabled_instances.c.obj)
                              (--whole-archive)
zephyr/libzephyr.a(usb_device.c.obj)
                              (--whole-archive)
zephyr/libzephyr.a(usb_descriptor.c.obj)
                              (--whole-archive)
zephyr/libzephyr.a(usb_transfer.c.obj)
                              (--whole-archive)
zephyr/libzephyr.a(cdc_acm.c.obj)
                              (--whole-archive)
zephyr/libzephyr.a(usb_work_q.c.obj)
                              (--whole-archive)
zephyr/libzephyr.a(flash_map.c.obj)
                              (--whole-archive)
zephyr/libzephyr.a(power.c.obj)
                              (--whole-archive)
zephyr/libzephyr.a(pm_ctrl.c.obj)
                              (--whole-archive)
zephyr/libzephyr.a(policy_residency.c.obj)
                              (--whole-archive)
zephyr/libzephyr.a(clock_control_nrf.c.obj)
                              (--whole-archive)
zephyr/libzephyr.a(usb_dc_nrfx.c.obj)
                              (--whole-archive)
zephyr/libzephyr.a(hwinfo_weak_impl.c.obj)
                              (--whole-archive)
zephyr/libzephyr.a(hwinfo_nrf.c.obj)
                              (--whole-archive)
zephyr/libzephyr.a(sys_clock_init.c.obj)
                              (--whole-archive)
zephyr/libzephyr.a(nrf_rtc_timer.c.obj)
                              (--whole-archive)
zephyr/libzephyr.a(flash_map_partition_manager.c.obj)
[...]
Memory Configuration

Name             Origin             Length             Attributes
FLASH            0x0000000000000000 0x0000000000012000 xr
SRAM             0x0000000020000000 0x0000000000040000 xw
IDT_LIST         0x0000000020040000 0x0000000000000800 xw
*default*        0x0000000000000000 0xffffffffffffffff

Linker script and memory map

LOAD zephyr/CMakeFiles/zephyr_prebuilt.dir/misc/empty_file.c.obj
                0x0000000000000020                _region_min_align = 0x20

.rel.plt        0x0000000000000000        0x0
 *(SORT_BY_ALIGNMENT(.rel.plt))
                [!provide]                        PROVIDE (__rel_iplt_start = .)
 *(SORT_BY_ALIGNMENT(.rel.iplt))
 .rel.iplt      0x0000000000000000        0x0 app/libapp.a(main.c.obj)
                [!provide]                        PROVIDE (__rel_iplt_end = .)

.rela.plt       0x0000000000000000        0x0
 *(SORT_BY_ALIGNMENT(.rela.plt))
                [!provide]                        PROVIDE (__rela_iplt_start = .)
 *(SORT_BY_ALIGNMENT(.rela.iplt))
                [!provide]                        PROVIDE (__rela_iplt_end = .)

.rel.dyn
 *(SORT_BY_ALIGNMENT(.rel.*))

.rela.dyn
 *(SORT_BY_ALIGNMENT(.rela.*))

/DISCARD/
 *(SORT_BY_ALIGNMENT(.plt))
 *(SORT_BY_ALIGNMENT(.iplt))
 *(SORT_BY_ALIGNMENT(.got.plt))
 *(SORT_BY_ALIGNMENT(.igot.plt))
 *(SORT_BY_ALIGNMENT(.got))
 *(SORT_BY_ALIGNMENT(.igot))
 *(SORT_BY_ALIGNMENT(.note.GNU-stack))
                0x0000000000000000                _image_rom_start = 0x0

rom_start       0x0000000000000000      0x100
                0x0000000000000000                . = 0x0
                0x0000000000000000                . = ALIGN (0x4)
                0x0000000000000000                . = ALIGN (0x80)
                0x0000000000000000                . = ALIGN (0x100)
                0x0000000000000000                _vector_start = .
 *(SORT_BY_ALIGNMENT(.exc_vector_table))
 *(SORT_BY_ALIGNMENT(.exc_vector_table.*))
 .exc_vector_table._vector_table_section
                0x0000000000000000       0x40 zephyr/arch/arch/arm/core/aarch32/cortex_m/libarch__arm__core__aarch32__cortex_m.a(vector_table.S.obj)
                0x0000000000000000                _vector_table
 *(SORT_BY_ALIGNMENT(.gnu.linkonce.irq_vector_table*))
 .gnu.linkonce.irq_vector_table
                0x0000000000000040       0xc0 zephyr/arch/common/libisr_tables.a(isr_tables.c.obj)
                0x0000000000000040                _irq_vector_table
 *(SORT_BY_ALIGNMENT(.vectors))
                0x0000000000000100                _vector_end = .

text            0x0000000000000100     0xd4ac
                0x0000000000000100                _image_text_start = .
 *(SORT_BY_ALIGNMENT(.text))
 .text          0x0000000000000100       0x30 /opt/nordic/ncs/v1.6.0/toolchain/bin/../lib/gcc/arm-none-eabi/9.2.1/thumb/v7e-m/nofp/libgcc.a(_aeabi_uldivmod.o)
                0x0000000000000100                __aeabi_uldivmod
 .text          0x0000000000000130      0x2c0 /opt/nordic/ncs/v1.6.0/toolchain/bin/../lib/gcc/arm-none-eabi/9.2.1/thumb/v7e-m/nofp/libgcc.a(_udivmoddi4.o)
                0x0000000000000130                __udivmoddi4
 .text          0x00000000000003f0        0x4 /opt/nordic/ncs/v1.6.0/toolchain/bin/../lib/gcc/arm-none-eabi/9.2.1/thumb/v7e-m/nofp/libgcc.a(_dvmd_tls.o)
                0x00000000000003f0                __aeabi_ldiv0
                0x00000000000003f0                __aeabi_idiv0
 *(SORT_BY_ALIGNMENT(.text.*))
 .text.main     0x00000000000003f4       0xf0 app/libapp.a(main.c.obj)
                0x00000000000003f4                main
 .text.flash_device_get_binding
                0x00000000000004e4       0x18 app/libapp.a(flash_map_extended.c.obj)
                0x00000000000004e4                flash_device_get_binding
 .text.flash_area_sector_from_off
                0x00000000000004fc       0x24 app/libapp.a(flash_map_extended.c.obj)
                0x00000000000004fc                flash_area_sector_from_off
 .text.os_heap_init
                0x0000000000000520       0x10 app/libapp.a(os.c.obj)
                0x0000000000000520                os_heap_init
 .text.bootutil_img_validate
                0x0000000000000530      0x208 app/libapp.a(image_validate.c.obj)
                0x0000000000000530                bootutil_img_validate
 .text.bootutil_verify_sig
                0x0000000000000738      0x1c8 app/libapp.a(image_rsa.c.obj)
                0x0000000000000738                bootutil_verify_sig
 .text.boot_read_swap_size
                0x0000000000000900       0x80 app/libapp.a(bootutil_misc.c.obj)
                0x0000000000000900                boot_read_swap_size
 .text.boot_validate_slot.isra.0
                0x0000000000000980       0xe8 app/libapp.a(loader.c.obj)
 .text.boot_swap_image
                0x0000000000000a68       0x64 app/libapp.a(loader.c.obj)
 .text.boot_copy_region
                0x0000000000000acc       0x84 app/libapp.a(loader.c.obj)
                0x0000000000000acc                boot_copy_region
 .text.context_boot_go
                0x0000000000000b50      0x210 app/libapp.a(loader.c.obj)
                0x0000000000000b50                context_boot_go
 .text.boot_go  0x0000000000000d60       0x10 app/libapp.a(loader.c.obj)
                0x0000000000000d60                boot_go
 .text.boot_read_image_header
                0x0000000000000d70       0x9c app/libapp.a(swap_move.c.obj)
                0x0000000000000d70                boot_read_image_header
 .text.fixup_revert
                0x0000000000000e0c       0x50 app/libapp.a(swap_move.c.obj)
                0x0000000000000e0c                fixup_revert
 .text.swap_run
                0x0000000000000e5c      0x1ec app/libapp.a(swap_move.c.obj)
                0x0000000000000e5c                swap_run
 .text.nrf_cleanup_peripheral
                0x0000000000001048       0x64 app/libapp.a(nrf_cleanup.c.obj)
                0x0000000000001048                nrf_cleanup_peripheral
 .text.base64_encode
                0x00000000000010ac      0x104 zephyr/libzephyr.a(base64.c.obj)
                0x00000000000010ac                base64_encode
 .text.base64_decode
                0x00000000000011b0      0x13c zephyr/libzephyr.a(base64.c.obj)
                0x00000000000011b0                base64_decode
 .text.char_out
                0x00000000000012ec       0x10 zephyr/libzephyr.a(printk.c.obj)
 .text.vprintk  0x00000000000012fc       0x1c zephyr/libzephyr.a(printk.c.obj)
                0x00000000000012fc                vprintk
 .text.process_event
                0x0000000000001318      0x1cc zephyr/libzephyr.a(onoff.c.obj)
 .text.cbvprintf
                0x00000000000014e4      0x47c zephyr/libzephyr.a(cbprintf_nano.c.obj)
                0x00000000000014e4                cbvprintf
 .text.sys_reboot
                0x0000000000001960       0x30 zephyr/libzephyr.a(reboot.c.obj)
                0x0000000000001960                sys_reboot
 .text.class_handler
                0x0000000000001990       0x54 zephyr/libzephyr.a(usb_device.c.obj)
 .text.custom_handler
                0x00000000000019e4       0x60 zephyr/libzephyr.a(usb_device.c.obj)
 .text.vendor_handler
                0x0000000000001a44       0x50 zephyr/libzephyr.a(usb_device.c.obj)
 .text.set_endpoint
                0x0000000000001a94       0x54 zephyr/libzephyr.a(usb_device.c.obj)
 .text.forward_status_cb
                0x0000000000001ae8       0xac zephyr/libzephyr.a(usb_device.c.obj)
 .text.usb_handle_standard_request
                0x0000000000001b94      0x2d0 zephyr/libzephyr.a(usb_device.c.obj)
 .text.usb_handle_request.constprop.0
                0x0000000000001e64       0x2c zephyr/libzephyr.a(usb_device.c.obj)
 .text.usb_disable
                0x0000000000001e90       0x20 zephyr/libzephyr.a(usb_device.c.obj)
                0x0000000000001e90                usb_disable
 .text.usb_data_to_host
                0x0000000000001eb0       0x50 zephyr/libzephyr.a(usb_device.c.obj)
 .text.usb_handle_control_transfer
                0x0000000000001f00       0xdc zephyr/libzephyr.a(usb_device.c.obj)
 .text.usb_set_config
                0x0000000000001fdc       0x2c zephyr/libzephyr.a(usb_device.c.obj)
                0x0000000000001fdc                usb_set_config
 .text.usb_device_init
                0x0000000000002008       0x24 zephyr/libzephyr.a(usb_device.c.obj)
 .text.usb_enable
                0x000000000000202c      0x100 zephyr/libzephyr.a(usb_device.c.obj)
                0x000000000000202c                usb_enable
 .text.usb_update_sn_string_descriptor
                0x000000000000212c       0x7c zephyr/libzephyr.a(usb_descriptor.c.obj)
                0x000000000000212c                usb_update_sn_string_descriptor
 .text.usb_fix_descriptor
                0x00000000000021a8      0x1cc zephyr/libzephyr.a(usb_descriptor.c.obj)
 .text.usb_get_device_descriptor
                0x0000000000002374       0x18 zephyr/libzephyr.a(usb_descriptor.c.obj)
                0x0000000000002374                usb_get_device_descriptor
 .text.usb_ep_get_transfer
                0x000000000000238c       0x2c zephyr/libzephyr.a(usb_transfer.c.obj)
 .text.usb_transfer_work
                0x00000000000023b8      0x110 zephyr/libzephyr.a(usb_transfer.c.obj)
 .text.usb_transfer_ep_callback
                0x00000000000024c8       0x54 zephyr/libzephyr.a(usb_transfer.c.obj)
                0x00000000000024c8                usb_transfer_ep_callback
 .text.usb_transfer
                0x000000000000251c       0xdc zephyr/libzephyr.a(usb_transfer.c.obj)
                0x000000000000251c                usb_transfer
 .text.usb_cancel_transfer
                0x00000000000025f8       0x3c zephyr/libzephyr.a(usb_transfer.c.obj)
                0x00000000000025f8                usb_cancel_transfer
 .text.usb_cancel_transfers
                0x0000000000002634       0x50 zephyr/libzephyr.a(usb_transfer.c.obj)
                0x0000000000002634                usb_cancel_transfers
 .text.usb_transfer_init
                0x0000000000002684       0x34 zephyr/libzephyr.a(usb_transfer.c.obj)
                0x0000000000002684                usb_transfer_init
 .text.cdc_acm_class_handle_req
                0x00000000000026b8       0x50 zephyr/libzephyr.a(cdc_acm.c.obj)
                0x00000000000026b8                cdc_acm_class_handle_req
 .text.cdc_acm_int_in
                0x0000000000002708       0x18 zephyr/libzephyr.a(cdc_acm.c.obj)
 .text.cdc_acm_irq_rx_enable
                0x0000000000002720       0x20 zephyr/libzephyr.a(cdc_acm.c.obj)
 .text.cdc_acm_irq_tx_enable
                0x0000000000002740       0x20 zephyr/libzephyr.a(cdc_acm.c.obj)
 .text.cdc_acm_fifo_fill
                0x0000000000002760       0x34 zephyr/libzephyr.a(cdc_acm.c.obj)
 .text.cdc_acm_write_cb
                0x0000000000002794       0x48 zephyr/libzephyr.a(cdc_acm.c.obj)
 .text.cdc_acm_read_cb
                0x00000000000027dc       0x50 zephyr/libzephyr.a(cdc_acm.c.obj)
 .text.tx_work_handler
                0x000000000000282c       0x54 zephyr/libzephyr.a(cdc_acm.c.obj)
 .text.cdc_acm_send_notification
                0x0000000000002880       0x4c zephyr/libzephyr.a(cdc_acm.c.obj)
 .text.cdc_acm_init
                0x00000000000028cc       0x54 zephyr/libzephyr.a(cdc_acm.c.obj)
 .text.cdc_acm_reset_port
                0x0000000000002920       0x40 zephyr/libzephyr.a(cdc_acm.c.obj)
 .text.cdc_acm_dev_status_cb
                0x0000000000002960       0x7c zephyr/libzephyr.a(cdc_acm.c.obj)
 .text.z_usb_work_q_init
                0x00000000000029dc       0x34 zephyr/libzephyr.a(usb_work_q.c.obj)
 .text.get_flash_area_from_id
                0x0000000000002a10       0x30 zephyr/libzephyr.a(flash_map.c.obj)
 .text.flash_area_open
                0x0000000000002a40       0x28 zephyr/libzephyr.a(flash_map.c.obj)
                0x0000000000002a40                flash_area_open
 .text.flash_area_get_sectors
                0x0000000000002a68       0x50 zephyr/libzephyr.a(flash_map.c.obj)
                0x0000000000002a68                flash_area_get_sectors
 .text.pm_state_notify
                0x0000000000002ab8       0x4c zephyr/libzephyr.a(power.c.obj)
 .text.pm_system_resume
                0x0000000000002b04       0x2c zephyr/libzephyr.a(power.c.obj)
                0x0000000000002b04                pm_system_resume
 .text.pm_system_suspend
                0x0000000000002b30       0x78 zephyr/libzephyr.a(power.c.obj)
                0x0000000000002b30                pm_system_suspend
 .text.onoff_stop
                0x0000000000002ba8       0x48 zephyr/libzephyr.a(clock_control_nrf.c.obj)
 .text.onoff_start
                0x0000000000002bf0       0x58 zephyr/libzephyr.a(clock_control_nrf.c.obj)
 .text.clk_init
                0x0000000000002c48       0x60 zephyr/libzephyr.a(clock_control_nrf.c.obj)
 .text.clkstarted_handle.constprop.0
                0x0000000000002ca8       0x34 zephyr/libzephyr.a(clock_control_nrf.c.obj)
 .text.clock_event_handler
                0x0000000000002cdc       0x1c zephyr/libzephyr.a(clock_control_nrf.c.obj)
 .text.generic_hfclk_start
                0x0000000000002cf8       0x64 zephyr/libzephyr.a(clock_control_nrf.c.obj)
 .text.generic_hfclk_stop
                0x0000000000002d5c       0x2c zephyr/libzephyr.a(clock_control_nrf.c.obj)
 .text.api_blocking_start
                0x0000000000002d88       0x34 zephyr/libzephyr.a(clock_control_nrf.c.obj)
 .text.z_nrf_clock_control_get_onoff
                0x0000000000002dbc       0x10 zephyr/libzephyr.a(clock_control_nrf.c.obj)
                0x0000000000002dbc                z_nrf_clock_control_get_onoff
 .text.z_nrf_clock_control_lf_on
                0x0000000000002dcc      0x10c zephyr/libzephyr.a(clock_control_nrf.c.obj)
                0x0000000000002dcc                z_nrf_clock_control_lf_on
 .text.endpoint_ctx
                0x0000000000002ed8       0x50 zephyr/libzephyr.a(usb_dc_nrfx.c.obj)
 .text.usbd_evt_put
                0x0000000000002f28        0xc zephyr/libzephyr.a(usb_dc_nrfx.c.obj)
 .text.usbd_work_schedule
                0x0000000000002f34       0x10 zephyr/libzephyr.a(usb_dc_nrfx.c.obj)
 .text.usb_init
                0x0000000000002f44       0x48 zephyr/libzephyr.a(usb_dc_nrfx.c.obj)
 .text.hfxo_stop.constprop.0
                0x0000000000002f8c       0x4c zephyr/libzephyr.a(usb_dc_nrfx.c.obj)
 .text.usbd_evt_flush
                0x0000000000002fd8       0x28 zephyr/libzephyr.a(usb_dc_nrfx.c.obj)
 .text.usbd_evt_alloc
                0x0000000000003000       0x44 zephyr/libzephyr.a(usb_dc_nrfx.c.obj)
 .text.usbd_event_transfer_data
                0x0000000000003044       0xa8 zephyr/libzephyr.a(usb_dc_nrfx.c.obj)
 .text.usbd_event_handler
                0x00000000000030ec      0x11c zephyr/libzephyr.a(usb_dc_nrfx.c.obj)
 .text.usb_dc_power_event_handler
                0x0000000000003208       0x34 zephyr/libzephyr.a(usb_dc_nrfx.c.obj)
 .text.eps_ctx_init
                0x000000000000323c       0x68 zephyr/libzephyr.a(usb_dc_nrfx.c.obj)
 .text.usbd_work_handler
                0x00000000000032a4      0x2f0 zephyr/libzephyr.a(usb_dc_nrfx.c.obj)
 .text.usb_dc_attach
                0x0000000000003594       0x7c zephyr/libzephyr.a(usb_dc_nrfx.c.obj)
                0x0000000000003594                usb_dc_attach
 .text.usb_dc_detach
                0x0000000000003610       0x98 zephyr/libzephyr.a(usb_dc_nrfx.c.obj)
                0x0000000000003610                usb_dc_detach
 .text.usb_dc_set_address
                0x00000000000036a8       0x24 zephyr/libzephyr.a(usb_dc_nrfx.c.obj)
                0x00000000000036a8                usb_dc_set_address
 .text.usb_dc_ep_configure
                0x00000000000036cc       0x44 zephyr/libzephyr.a(usb_dc_nrfx.c.obj)
                0x00000000000036cc                usb_dc_ep_configure
 .text.usb_dc_ep_set_stall
                0x0000000000003710       0x50 zephyr/libzephyr.a(usb_dc_nrfx.c.obj)
                0x0000000000003710                usb_dc_ep_set_stall
 .text.usb_dc_ep_clear_stall
                0x0000000000003760       0x40 zephyr/libzephyr.a(usb_dc_nrfx.c.obj)
                0x0000000000003760                usb_dc_ep_clear_stall
 .text.usb_dc_ep_is_stalled
                0x00000000000037a0       0x38 zephyr/libzephyr.a(usb_dc_nrfx.c.obj)
                0x00000000000037a0                usb_dc_ep_is_stalled
 .text.usb_dc_ep_enable
                0x00000000000037d8       0x54 zephyr/libzephyr.a(usb_dc_nrfx.c.obj)
                0x00000000000037d8                usb_dc_ep_enable
 .text.usb_dc_ep_disable
                0x000000000000382c       0x4c zephyr/libzephyr.a(usb_dc_nrfx.c.obj)
                0x000000000000382c                usb_dc_ep_disable
 .text.usb_dc_ep_write
                0x0000000000003878       0xf0 zephyr/libzephyr.a(usb_dc_nrfx.c.obj)
                0x0000000000003878                usb_dc_ep_write
 .text.usb_dc_ep_read_wait
                0x0000000000003968       0x90 zephyr/libzephyr.a(usb_dc_nrfx.c.obj)
                0x0000000000003968                usb_dc_ep_read_wait
 .text.usb_dc_ep_read_continue
                0x00000000000039f8       0x84 zephyr/libzephyr.a(usb_dc_nrfx.c.obj)
                0x00000000000039f8                usb_dc_ep_read_continue
 .text.usb_dc_ep_set_callback
                0x0000000000003a7c       0x28 zephyr/libzephyr.a(usb_dc_nrfx.c.obj)
                0x0000000000003a7c                usb_dc_ep_set_callback
 .text.usb_dc_set_status_callback
                0x0000000000003aa4        0xc zephyr/libzephyr.a(usb_dc_nrfx.c.obj)
                0x0000000000003aa4                usb_dc_set_status_callback
 .text.usb_dc_ep_mps
                0x0000000000003ab0       0x24 zephyr/libzephyr.a(usb_dc_nrfx.c.obj)
                0x0000000000003ab0                usb_dc_ep_mps
 .text.sys_clock_timeout_handler
                0x0000000000003ad4       0x18 zephyr/libzephyr.a(nrf_rtc_timer.c.obj)
 .text.set_absolute_alarm
                0x0000000000003aec       0x98 zephyr/libzephyr.a(nrf_rtc_timer.c.obj)
 .text.rtc_nrf_isr
                0x0000000000003b84       0x50 zephyr/libzephyr.a(nrf_rtc_timer.c.obj)
                0x0000000000003b84                rtc_nrf_isr
 .text.sys_clock_driver_init
                0x0000000000003bd4       0x54 zephyr/libzephyr.a(nrf_rtc_timer.c.obj)
                0x0000000000003bd4                sys_clock_driver_init
 .text.sys_clock_set_timeout
                0x0000000000003c28       0x64 zephyr/libzephyr.a(nrf_rtc_timer.c.obj)
                0x0000000000003c28                sys_clock_set_timeout
 .text.sys_clock_elapsed
                0x0000000000003c8c       0x1c zephyr/libzephyr.a(nrf_rtc_timer.c.obj)
                0x0000000000003c8c                sys_clock_elapsed
 .text.nrf_cc3xx_platform_abort_init
                0x0000000000003ca8        0xc zephyr/libzephyr.a(nrf_cc3xx_platform_abort_zephyr.c.obj)
                0x0000000000003ca8                nrf_cc3xx_platform_abort_init
 .text.mutex_unlock_platform
                0x0000000000003cb4       0x4c zephyr/libzephyr.a(nrf_cc3xx_platform_mutex_zephyr.c.obj)
 .text.mutex_free_platform
                0x0000000000003d00       0x48 zephyr/libzephyr.a(nrf_cc3xx_platform_mutex_zephyr.c.obj)
 .text.mutex_init_platform
                0x0000000000003d48       0x70 zephyr/libzephyr.a(nrf_cc3xx_platform_mutex_zephyr.c.obj)
 .text.mutex_lock_platform
                0x0000000000003db8       0x58 zephyr/libzephyr.a(nrf_cc3xx_platform_mutex_zephyr.c.obj)
 .text.nrf_cc3xx_platform_mutex_init
                0x0000000000003e10       0x2c zephyr/libzephyr.a(nrf_cc3xx_platform_mutex_zephyr.c.obj)
                0x0000000000003e10                nrf_cc3xx_platform_mutex_init
 .text.boot_uart_fifo_callback
                0x0000000000003e3c       0xa8 zephyr/libzephyr.a(serial_adapter.c.obj)
 .text.console_out
                0x0000000000003ee4       0x18 zephyr/libzephyr.a(serial_adapter.c.obj)
                0x0000000000003ee4                console_out
 .text.console_read
                0x0000000000003efc       0x8c zephyr/libzephyr.a(serial_adapter.c.obj)
                0x0000000000003efc                console_read
 .text.boot_console_init
                0x0000000000003f88       0xac zephyr/libzephyr.a(serial_adapter.c.obj)
                0x0000000000003f88                boot_console_init
 .text.bs_cbor_writer
                0x0000000000004034       0x2c zephyr/libzephyr.a(boot_serial.c.obj)
 .text.boot_serial_output
                0x0000000000004060      0x118 zephyr/libzephyr.a(boot_serial.c.obj)
 .text.bs_empty_rsp.isra.0
                0x0000000000004178       0x40 zephyr/libzephyr.a(boot_serial.c.obj)
 .text.boot_serial_in_dec.constprop.0
                0x00000000000041b8       0x7c zephyr/libzephyr.a(boot_serial.c.obj)
 .text.boot_serial_input
                0x0000000000004234      0x3ec zephyr/libzephyr.a(boot_serial.c.obj)
                0x0000000000004234                boot_serial_input
 .text.boot_serial_start
                0x0000000000004620       0x80 zephyr/libzephyr.a(boot_serial.c.obj)
                0x0000000000004620                boot_serial_start
 .text.decode_Member
                0x00000000000046a0      0x134 zephyr/libzephyr.a(serial_recovery_cbor.c.obj)
 .text.cbor_decode_Upload
                0x00000000000047d4       0x48 zephyr/libzephyr.a(serial_recovery_cbor.c.obj)
                0x00000000000047d4                cbor_decode_Upload
 .text.arch_swap
                0x000000000000481c       0x34 zephyr/arch/arch/arm/core/aarch32/libarch__arm__core__aarch32.a(swap.c.obj)
                0x000000000000481c                arch_swap
 .text.z_arm_pendsv
                0x0000000000004850       0x54 zephyr/arch/arch/arm/core/aarch32/libarch__arm__core__aarch32.a(swap_helper.S.obj)
                0x0000000000004850                z_arm_pendsv
 .text.z_arm_svc
                0x00000000000048a4       0x20 zephyr/arch/arch/arm/core/aarch32/libarch__arm__core__aarch32.a(swap_helper.S.obj)
                0x00000000000048a4                z_arm_svc
 .text.arch_irq_enable
                0x00000000000048c4       0x20 zephyr/arch/arch/arm/core/aarch32/libarch__arm__core__aarch32.a(irq_manage.c.obj)
                0x00000000000048c4                arch_irq_enable
 .text.arch_irq_disable
                0x00000000000048e4       0x28 zephyr/arch/arch/arm/core/aarch32/libarch__arm__core__aarch32.a(irq_manage.c.obj)
                0x00000000000048e4                arch_irq_disable
 .text.arch_irq_is_enabled
                0x000000000000490c       0x1c zephyr/arch/arch/arm/core/aarch32/libarch__arm__core__aarch32.a(irq_manage.c.obj)
                0x000000000000490c                arch_irq_is_enabled
 .text.z_arm_irq_priority_set
                0x0000000000004928       0x30 zephyr/arch/arch/arm/core/aarch32/libarch__arm__core__aarch32.a(irq_manage.c.obj)
                0x0000000000004928                z_arm_irq_priority_set
 .text.arch_new_thread
                0x0000000000004958       0x38 zephyr/arch/arch/arm/core/aarch32/libarch__arm__core__aarch32.a(thread.c.obj)
                0x0000000000004958                arch_new_thread
 .text.z_check_thread_stack_fail
                0x0000000000004990       0x34 zephyr/arch/arch/arm/core/aarch32/libarch__arm__core__aarch32.a(thread.c.obj)
                0x0000000000004990                z_check_thread_stack_fail
 .text.arch_switch_to_main_thread
                0x00000000000049c4       0x2c zephyr/arch/arch/arm/core/aarch32/libarch__arm__core__aarch32.a(thread.c.obj)
                0x00000000000049c4                arch_switch_to_main_thread
 .text.z_arm_cpu_idle_init
                0x00000000000049f0        0xc zephyr/arch/arch/arm/core/aarch32/libarch__arm__core__aarch32.a(cpu_idle.S.obj)
                0x00000000000049f0                z_arm_cpu_idle_init
 .text.arch_cpu_idle
                0x00000000000049fc       0x1c zephyr/arch/arch/arm/core/aarch32/libarch__arm__core__aarch32.a(cpu_idle.S.obj)
                0x00000000000049fc                arch_cpu_idle
 .text.arch_cpu_atomic_idle
                0x0000000000004a18       0x14 zephyr/arch/arch/arm/core/aarch32/libarch__arm__core__aarch32.a(cpu_idle.S.obj)
                0x0000000000004a18                arch_cpu_atomic_idle
 .text.z_SysNmiOnReset
                0x0000000000004a2c        0x8 zephyr/arch/arch/arm/core/aarch32/libarch__arm__core__aarch32.a(nmi_on_reset.S.obj)
                0x0000000000004a2c                z_SysNmiOnReset
 .text.z_arm_prep_c
                0x0000000000004a34       0x38 zephyr/arch/arch/arm/core/aarch32/libarch__arm__core__aarch32.a(prep_c.c.obj)
                0x0000000000004a34                z_arm_prep_c
 .text._isr_wrapper
                0x0000000000004a6c       0x40 zephyr/arch/arch/arm/core/aarch32/libarch__arm__core__aarch32.a(isr_wrapper.S.obj)
                0x0000000000004a6c                _isr_wrapper
 .text._reset_section
                0x0000000000004aac       0x54 zephyr/arch/arch/arm/core/aarch32/cortex_m/libarch__arm__core__aarch32__cortex_m.a(reset.S.obj)
                0x0000000000004aac                z_arm_reset
                0x0000000000004aac                __start
 .text.__fault  0x0000000000004b00       0x14 zephyr/arch/arch/arm/core/aarch32/cortex_m/libarch__arm__core__aarch32__cortex_m.a(fault_s.S.obj)
                0x0000000000004b00                z_arm_bus_fault
                0x0000000000004b00                z_arm_usage_fault
                0x0000000000004b00                z_arm_mpu_fault
                0x0000000000004b00                z_arm_exc_spurious
                0x0000000000004b00                z_arm_debug_monitor
                0x0000000000004b00                z_arm_hard_fault
 .text.mem_manage_fault
                0x0000000000004b14       0x6c zephyr/arch/arch/arm/core/aarch32/cortex_m/libarch__arm__core__aarch32__cortex_m.a(fault.c.obj)
 .text.bus_fault.isra.0
                0x0000000000004b80       0x3c zephyr/arch/arch/arm/core/aarch32/cortex_m/libarch__arm__core__aarch32__cortex_m.a(fault.c.obj)
 .text.usage_fault.isra.0
                0x0000000000004bbc       0x24 zephyr/arch/arch/arm/core/aarch32/cortex_m/libarch__arm__core__aarch32__cortex_m.a(fault.c.obj)
 .text.z_arm_fault
                0x0000000000004be0       0xec zephyr/arch/arch/arm/core/aarch32/cortex_m/libarch__arm__core__aarch32__cortex_m.a(fault.c.obj)
                0x0000000000004be0                z_arm_fault
 .text.z_arm_fault_init
                0x0000000000004ccc       0x10 zephyr/arch/arch/arm/core/aarch32/cortex_m/libarch__arm__core__aarch32__cortex_m.a(fault.c.obj)
                0x0000000000004ccc                z_arm_fault_init
 .text._HandlerModeExit
                0x0000000000004cdc       0x1c zephyr/arch/arch/arm/core/aarch32/cortex_m/libarch__arm__core__aarch32__cortex_m.a(exc_exit.S.obj)
                0x0000000000004cdc                z_arm_exc_exit
                0x0000000000004cdc                z_arm_int_exit
 .text.z_arm_clear_arm_mpu_config
                0x0000000000004cf8       0x20 zephyr/arch/arch/arm/core/aarch32/cortex_m/libarch__arm__core__aarch32__cortex_m.a(scb.c.obj)
                0x0000000000004cf8                z_arm_clear_arm_mpu_config
 .text.z_arm_init_arch_hw_at_boot
                0x0000000000004d18       0x64 zephyr/arch/arch/arm/core/aarch32/cortex_m/libarch__arm__core__aarch32__cortex_m.a(scb.c.obj)
                0x0000000000004d18                z_arm_init_arch_hw_at_boot
 .text.z_arm_interrupt_init
                0x0000000000004d7c       0x18 zephyr/arch/arch/arm/core/aarch32/cortex_m/libarch__arm__core__aarch32__cortex_m.a(irq_init.c.obj)
                0x0000000000004d7c                z_arm_interrupt_init
 .text.z_impl_k_thread_abort
                0x0000000000004d94       0x24 zephyr/arch/arch/arm/core/aarch32/cortex_m/libarch__arm__core__aarch32__cortex_m.a(thread_abort.c.obj)
                0x0000000000004d94                z_impl_k_thread_abort
 .text.z_arm_configure_static_mpu_regions
                0x0000000000004db8       0x18 zephyr/arch/arch/arm/core/aarch32/mpu/libarch__arm__core__aarch32__mpu.a(arm_core_mpu.c.obj)
                0x0000000000004db8                z_arm_configure_static_mpu_regions
 .text.z_arm_configure_dynamic_mpu_regions
                0x0000000000004dd0       0x20 zephyr/arch/arch/arm/core/aarch32/mpu/libarch__arm__core__aarch32__mpu.a(arm_core_mpu.c.obj)
                0x0000000000004dd0                z_arm_configure_dynamic_mpu_regions
 .text.mpu_configure_regions
                0x0000000000004df0       0x80 zephyr/arch/arch/arm/core/aarch32/mpu/libarch__arm__core__aarch32__mpu.a(arm_mpu.c.obj)
 .text.arm_core_mpu_enable
                0x0000000000004e70       0x14 zephyr/arch/arch/arm/core/aarch32/mpu/libarch__arm__core__aarch32__mpu.a(arm_mpu.c.obj)
                0x0000000000004e70                arm_core_mpu_enable
 .text.arm_core_mpu_disable
                0x0000000000004e84       0x10 zephyr/arch/arch/arm/core/aarch32/mpu/libarch__arm__core__aarch32__mpu.a(arm_mpu.c.obj)
                0x0000000000004e84                arm_core_mpu_disable
 .text.arm_core_mpu_configure_static_mpu_regions
                0x0000000000004e94       0x14 zephyr/arch/arch/arm/core/aarch32/mpu/libarch__arm__core__aarch32__mpu.a(arm_mpu.c.obj)
                0x0000000000004e94                arm_core_mpu_configure_static_mpu_regions
 .text.arm_core_mpu_configure_dynamic_mpu_regions
                0x0000000000004ea8       0x2c zephyr/arch/arch/arm/core/aarch32/mpu/libarch__arm__core__aarch32__mpu.a(arm_mpu.c.obj)
                0x0000000000004ea8                arm_core_mpu_configure_dynamic_mpu_regions
 .text.z_arm_mpu_init
                0x0000000000004ed4       0x5c zephyr/arch/arch/arm/core/aarch32/mpu/libarch__arm__core__aarch32__mpu.a(arm_mpu.c.obj)
                0x0000000000004ed4                z_arm_mpu_init
 .text.nordicsemi_nrf52_init
                0x0000000000004f30       0x30 zephyr/soc/arm/nordic_nrf/nrf52/libsoc__arm__nordic_nrf__nrf52.a(soc.c.obj)
 .text.sys_arch_reboot
                0x0000000000004f60       0x2c zephyr/soc/arm/nordic_nrf/nrf52/libsoc__arm__nordic_nrf__nrf52.a(soc.c.obj)
                0x0000000000004f60                sys_arch_reboot
 .text.arch_busy_wait
                0x0000000000004f8c       0x14 zephyr/soc/arm/nordic_nrf/nrf52/libsoc__arm__nordic_nrf__nrf52.a(soc.c.obj)
                0x0000000000004f8c                arch_busy_wait
 .text.gpio_nrfx_init
                0x0000000000004fa0       0x30 zephyr/drivers/gpio/libdrivers__gpio.a(gpio_nrfx.c.obj)
 .text.gpio_nrfx_config
                0x0000000000004fd0       0xc0 zephyr/drivers/gpio/libdrivers__gpio.a(gpio_nrfx.c.obj)
 .text.nrf_gpio_cfg_sense_set
                0x0000000000005090       0x2c zephyr/drivers/gpio/libdrivers__gpio.a(gpio_nrfx.c.obj)
 .text.check_level_trigger_pins
                0x00000000000050bc       0x90 zephyr/drivers/gpio/libdrivers__gpio.a(gpio_nrfx.c.obj)
 .text.gpio_nrfx_pin_interrupt_configure
                0x000000000000514c      0x1a4 zephyr/drivers/gpio/libdrivers__gpio.a(gpio_nrfx.c.obj)
 .text.gpiote_event_handler
                0x00000000000052f0       0xc0 zephyr/drivers/gpio/libdrivers__gpio.a(gpio_nrfx.c.obj)
 .text.flash_nrf_pages_layout
                0x00000000000053b0       0x10 zephyr/drivers/flash/libdrivers__flash.a(soc_flash_nrf.c.obj)
 .text.flash_nrf_get_parameters
                0x00000000000053c0        0x8 zephyr/drivers/flash/libdrivers__flash.a(soc_flash_nrf.c.obj)
 .text.nrf_flash_init
                0x00000000000053c8       0x28 zephyr/drivers/flash/libdrivers__flash.a(soc_flash_nrf.c.obj)
 .text.restore_pofwarn.part.0
                0x00000000000053f0       0x2c zephyr/drivers/flash/libdrivers__flash.a(soc_flash_nrf.c.obj)
 .text.suspend_pofwarn.part.0
                0x000000000000541c       0x50 zephyr/drivers/flash/libdrivers__flash.a(soc_flash_nrf.c.obj)
 .text.flash_nrf_write
                0x000000000000546c       0x9c zephyr/drivers/flash/libdrivers__flash.a(soc_flash_nrf.c.obj)
 .text.flash_nrf_erase
                0x0000000000005508       0x94 zephyr/drivers/flash/libdrivers__flash.a(soc_flash_nrf.c.obj)
 .text.uarte_nrfx_configure
                0x000000000000559c      0x16c zephyr/drivers/serial/libdrivers__serial.a(uart_nrfx_uarte.c.obj)
 .text.uarte_nrfx_poll_out
                0x0000000000005708       0x94 zephyr/drivers/serial/libdrivers__serial.a(uart_nrfx_uarte.c.obj)
 .text.nrf_gpio_cfg_output
                0x000000000000579c       0x20 zephyr/drivers/serial/libdrivers__serial.a(uart_nrfx_uarte.c.obj)
 .text.nrf_gpio_pin_set
                0x00000000000057bc       0x20 zephyr/drivers/serial/libdrivers__serial.a(uart_nrfx_uarte.c.obj)
 .text.uarte_instance_init.isra.0
                0x00000000000057dc      0x140 zephyr/drivers/serial/libdrivers__serial.a(uart_nrfx_uarte.c.obj)
 .text.uarte_0_init
                0x000000000000591c       0x30 zephyr/drivers/serial/libdrivers__serial.a(uart_nrfx_uarte.c.obj)
 .text.uarte_1_init
                0x000000000000594c       0x30 zephyr/drivers/serial/libdrivers__serial.a(uart_nrfx_uarte.c.obj)
 .text.fprotect_set_permission
                0x000000000000597c       0xac modules/nrf/lib/fprotect/lib..__nrf__lib__fprotect.a(fprotect_acl.c.obj)
 .text.boot_write_magic
                0x0000000000005a28       0x1c modules/mcuboot/boot/bootutil/zephyr/libmcuboot_util.a(bootutil_public.c.obj)
                0x0000000000005a28                boot_write_magic
 .text.boot_read_swap_state
                0x0000000000005a44       0xa0 modules/mcuboot/boot/bootutil/zephyr/libmcuboot_util.a(bootutil_public.c.obj)
                0x0000000000005a44                boot_read_swap_state
 .text.boot_swap_type_multi
                0x0000000000005ae4       0x88 modules/mcuboot/boot/bootutil/zephyr/libmcuboot_util.a(bootutil_public.c.obj)
                0x0000000000005ae4                boot_swap_type_multi
 .text.nrf52_errata_36
                0x0000000000005b6c       0x14 modules/hal_nordic/nrfx/libmodules__hal_nordic__nrfx.a(system_nrf52840.c.obj)
 .text.nrf52_errata_98
                0x0000000000005b80       0x28 modules/hal_nordic/nrfx/libmodules__hal_nordic__nrfx.a(system_nrf52840.c.obj)
 .text.SystemInit
                0x0000000000005ba8      0x16c modules/hal_nordic/nrfx/libmodules__hal_nordic__nrfx.a(system_nrf52840.c.obj)
                0x0000000000005ba8                SystemInit
 .text.nrfx_clock_init
                0x0000000000005d14       0x20 modules/hal_nordic/nrfx/libmodules__hal_nordic__nrfx.a(nrfx_clock.c.obj)
                0x0000000000005d14                nrfx_clock_init
 .text.nrfx_clock_enable
                0x0000000000005d34       0x1c modules/hal_nordic/nrfx/libmodules__hal_nordic__nrfx.a(nrfx_clock.c.obj)
                0x0000000000005d34                nrfx_clock_enable
 .text.nrfx_clock_start
                0x0000000000005d50       0x64 modules/hal_nordic/nrfx/libmodules__hal_nordic__nrfx.a(nrfx_clock.c.obj)
                0x0000000000005d50                nrfx_clock_start
 .text.nrfx_clock_stop
                0x0000000000005db4       0x8c modules/hal_nordic/nrfx/libmodules__hal_nordic__nrfx.a(nrfx_clock.c.obj)
                0x0000000000005db4                nrfx_clock_stop
 .text.nrfx_clock_irq_handler
                0x0000000000005e40       0x68 modules/hal_nordic/nrfx/libmodules__hal_nordic__nrfx.a(nrfx_clock.c.obj)
                0x0000000000005e40                nrfx_clock_irq_handler
 .text.nrfx_gpiote_channel_free
                0x0000000000005ea8       0x44 modules/hal_nordic/nrfx/libmodules__hal_nordic__nrfx.a(nrfx_gpiote.c.obj)
                0x0000000000005ea8                nrfx_gpiote_channel_free
 .text.nrfx_gpiote_channel_alloc
                0x0000000000005eec       0x70 modules/hal_nordic/nrfx/libmodules__hal_nordic__nrfx.a(nrfx_gpiote.c.obj)
                0x0000000000005eec                nrfx_gpiote_channel_alloc
 .text.nrfx_nvmc_page_erase
                0x0000000000005f5c       0x40 modules/hal_nordic/nrfx/libmodules__hal_nordic__nrfx.a(nrfx_nvmc.c.obj)
                0x0000000000005f5c                nrfx_nvmc_page_erase
 .text.nrfx_nvmc_word_write
                0x0000000000005f9c       0x24 modules/hal_nordic/nrfx/libmodules__hal_nordic__nrfx.a(nrfx_nvmc.c.obj)
                0x0000000000005f9c                nrfx_nvmc_word_write
 .text.nrfx_power_init
                0x0000000000005fc0       0x78 modules/hal_nordic/nrfx/libmodules__hal_nordic__nrfx.a(nrfx_power.c.obj)
                0x0000000000005fc0                nrfx_power_init
 .text.nrfx_power_usbevt_uninit
                0x0000000000006038       0x18 modules/hal_nordic/nrfx/libmodules__hal_nordic__nrfx.a(nrfx_power.c.obj)
                0x0000000000006038                nrfx_power_usbevt_uninit
 .text.nrfx_power_usbevt_init
                0x0000000000006050       0x14 modules/hal_nordic/nrfx/libmodules__hal_nordic__nrfx.a(nrfx_power.c.obj)
                0x0000000000006050                nrfx_power_usbevt_init
 .text.nrfx_power_irq_handler
                0x0000000000006064       0xa0 modules/hal_nordic/nrfx/libmodules__hal_nordic__nrfx.a(nrfx_power.c.obj)
                0x0000000000006064                nrfx_power_irq_handler
 .text.nrfx_ppi_channel_alloc
                0x0000000000006104       0x68 modules/hal_nordic/nrfx/libmodules__hal_nordic__nrfx.a(nrfx_ppi.c.obj)
                0x0000000000006104                nrfx_ppi_channel_alloc
 .text.nrf52_errata_166
                0x000000000000616c       0x14 modules/hal_nordic/nrfx/libmodules__hal_nordic__nrfx.a(nrfx_usbd.c.obj)
 .text.nrf52_errata_187
                0x0000000000006180       0x2c modules/hal_nordic/nrfx/libmodules__hal_nordic__nrfx.a(nrfx_usbd.c.obj)
 .text.ep_state_access
                0x00000000000061ac       0x1c modules/hal_nordic/nrfx/libmodules__hal_nordic__nrfx.a(nrfx_usbd.c.obj)
 .text.usbd_dma_pending_clear
                0x00000000000061c8       0x20 modules/hal_nordic/nrfx/libmodules__hal_nordic__nrfx.a(nrfx_usbd.c.obj)
 .text.ev_usbreset_handler
                0x00000000000061e8       0x34 modules/hal_nordic/nrfx/libmodules__hal_nordic__nrfx.a(nrfx_usbd.c.obj)
 .text.usbd_errata_187_211_begin
                0x000000000000621c       0x3c modules/hal_nordic/nrfx/libmodules__hal_nordic__nrfx.a(nrfx_usbd.c.obj)
 .text.usbd_errata_187_211_end
                0x0000000000006258       0x3c modules/hal_nordic/nrfx/libmodules__hal_nordic__nrfx.a(nrfx_usbd.c.obj)
 .text.nrfx_usbd_feeder_flash
                0x0000000000006294       0x38 modules/hal_nordic/nrfx/libmodules__hal_nordic__nrfx.a(nrfx_usbd.c.obj)
                0x0000000000006294                nrfx_usbd_feeder_flash
 .text.nrfx_usbd_feeder_flash_zlp
                0x00000000000062cc       0x3c modules/hal_nordic/nrfx/libmodules__hal_nordic__nrfx.a(nrfx_usbd.c.obj)
                0x00000000000062cc                nrfx_usbd_feeder_flash_zlp
 .text.ev_usbevent_handler
                0x0000000000006308       0x94 modules/hal_nordic/nrfx/libmodules__hal_nordic__nrfx.a(nrfx_usbd.c.obj)
 .text.ev_sof_handler
                0x000000000000639c       0x44 modules/hal_nordic/nrfx/libmodules__hal_nordic__nrfx.a(nrfx_usbd.c.obj)
 .text.atomic_and.constprop.0
                0x00000000000063e0       0x24 modules/hal_nordic/nrfx/libmodules__hal_nordic__nrfx.a(nrfx_usbd.c.obj)
 .text.nrf_usbd_ep0in_dma_handler
                0x0000000000006404       0x2c modules/hal_nordic/nrfx/libmodules__hal_nordic__nrfx.a(nrfx_usbd.c.obj)
 .text.usbd_ep_data_handler
                0x0000000000006430       0x94 modules/hal_nordic/nrfx/libmodules__hal_nordic__nrfx.a(nrfx_usbd.c.obj)
 .text.ev_setup_data_handler
                0x00000000000064c4       0x1c modules/hal_nordic/nrfx/libmodules__hal_nordic__nrfx.a(nrfx_usbd.c.obj)
 .text.ev_dma_epin8_handler
                0x00000000000064e0       0x4c modules/hal_nordic/nrfx/libmodules__hal_nordic__nrfx.a(nrfx_usbd.c.obj)
 .text.ev_dma_epout8_handler
                0x000000000000652c       0x40 modules/hal_nordic/nrfx/libmodules__hal_nordic__nrfx.a(nrfx_usbd.c.obj)
 .text.nrfx_usbd_uninit
                0x000000000000656c       0x14 modules/hal_nordic/nrfx/libmodules__hal_nordic__nrfx.a(nrfx_usbd.c.obj)
                0x000000000000656c                nrfx_usbd_uninit
 .text.nrfx_usbd_enable
                0x0000000000006580      0x130 modules/hal_nordic/nrfx/libmodules__hal_nordic__nrfx.a(nrfx_usbd.c.obj)
                0x0000000000006580                nrfx_usbd_enable
 .text.nrfx_usbd_start
                0x00000000000066b0       0x3c modules/hal_nordic/nrfx/libmodules__hal_nordic__nrfx.a(nrfx_usbd.c.obj)
                0x00000000000066b0                nrfx_usbd_start
 .text.nrfx_usbd_is_initialized
                0x00000000000066ec       0x10 modules/hal_nordic/nrfx/libmodules__hal_nordic__nrfx.a(nrfx_usbd.c.obj)
                0x00000000000066ec                nrfx_usbd_is_initialized
 .text.nrfx_usbd_is_enabled
                0x00000000000066fc       0x14 modules/hal_nordic/nrfx/libmodules__hal_nordic__nrfx.a(nrfx_usbd.c.obj)
                0x00000000000066fc                nrfx_usbd_is_enabled
 .text.nrfx_usbd_init
                0x0000000000006710       0x8c modules/hal_nordic/nrfx/libmodules__hal_nordic__nrfx.a(nrfx_usbd.c.obj)
                0x0000000000006710                nrfx_usbd_init
 .text.nrfx_usbd_ep_transfer
                0x000000000000679c       0xf8 modules/hal_nordic/nrfx/libmodules__hal_nordic__nrfx.a(nrfx_usbd.c.obj)
                0x000000000000679c                nrfx_usbd_ep_transfer
 .text.nrfx_usbd_epout_size_get
                0x0000000000006894       0x28 modules/hal_nordic/nrfx/libmodules__hal_nordic__nrfx.a(nrfx_usbd.c.obj)
                0x0000000000006894                nrfx_usbd_epout_size_get
 .text.usbd_dmareq_process
                0x00000000000068bc      0x190 modules/hal_nordic/nrfx/libmodules__hal_nordic__nrfx.a(nrfx_usbd.c.obj)
 .text.ev_epdata_handler
                0x0000000000006a4c       0x4c modules/hal_nordic/nrfx/libmodules__hal_nordic__nrfx.a(nrfx_usbd.c.obj)
 .text.nrf_usbd_epout_dma_handler
                0x0000000000006a98       0x64 modules/hal_nordic/nrfx/libmodules__hal_nordic__nrfx.a(nrfx_usbd.c.obj)
 .text.nrfx_usbd_ep_stall
                0x0000000000006afc       0x10 modules/hal_nordic/nrfx/libmodules__hal_nordic__nrfx.a(nrfx_usbd.c.obj)
                0x0000000000006afc                nrfx_usbd_ep_stall
 .text.nrfx_usbd_ep_stall_check
                0x0000000000006b0c       0x34 modules/hal_nordic/nrfx/libmodules__hal_nordic__nrfx.a(nrfx_usbd.c.obj)
                0x0000000000006b0c                nrfx_usbd_ep_stall_check
 .text.nrfx_usbd_ep_dtoggle_clear
                0x0000000000006b40       0x18 modules/hal_nordic/nrfx/libmodules__hal_nordic__nrfx.a(nrfx_usbd.c.obj)
                0x0000000000006b40                nrfx_usbd_ep_dtoggle_clear
 .text.nrfx_usbd_setup_get
                0x0000000000006b58       0x4c modules/hal_nordic/nrfx/libmodules__hal_nordic__nrfx.a(nrfx_usbd.c.obj)
                0x0000000000006b58                nrfx_usbd_setup_get
 .text.nrfx_usbd_setup_data_clear
                0x0000000000006ba4       0x10 modules/hal_nordic/nrfx/libmodules__hal_nordic__nrfx.a(nrfx_usbd.c.obj)
                0x0000000000006ba4                nrfx_usbd_setup_data_clear
 .text.ev_dma_epout0_handler
                0x0000000000006bb4       0x48 modules/hal_nordic/nrfx/libmodules__hal_nordic__nrfx.a(nrfx_usbd.c.obj)
 .text.nrfx_usbd_setup_clear
                0x0000000000006bfc       0x10 modules/hal_nordic/nrfx/libmodules__hal_nordic__nrfx.a(nrfx_usbd.c.obj)
                0x0000000000006bfc                nrfx_usbd_setup_clear
 .text.nrfx_usbd_setup_stall
                0x0000000000006c0c       0x10 modules/hal_nordic/nrfx/libmodules__hal_nordic__nrfx.a(nrfx_usbd.c.obj)
                0x0000000000006c0c                nrfx_usbd_setup_stall
 .text.nrfx_usbd_last_setup_dir_get
                0x0000000000006c1c        0xc modules/hal_nordic/nrfx/libmodules__hal_nordic__nrfx.a(nrfx_usbd.c.obj)
                0x0000000000006c1c                nrfx_usbd_last_setup_dir_get
 .text.nrfx_usbd_transfer_out_drop
                0x0000000000006c28       0x54 modules/hal_nordic/nrfx/libmodules__hal_nordic__nrfx.a(nrfx_usbd.c.obj)
                0x0000000000006c28                nrfx_usbd_transfer_out_drop
 .text.usbd_ep_abort
                0x0000000000006c7c       0xf8 modules/hal_nordic/nrfx/libmodules__hal_nordic__nrfx.a(nrfx_usbd.c.obj)
 .text.ev_setup_handler
                0x0000000000006d74       0x74 modules/hal_nordic/nrfx/libmodules__hal_nordic__nrfx.a(nrfx_usbd.c.obj)
 .text.nrfx_usbd_irq_handler
                0x0000000000006de8       0x7c modules/hal_nordic/nrfx/libmodules__hal_nordic__nrfx.a(nrfx_usbd.c.obj)
                0x0000000000006de8                nrfx_usbd_irq_handler
 .text.usbd_ep_abort_all
                0x0000000000006e64       0x58 modules/hal_nordic/nrfx/libmodules__hal_nordic__nrfx.a(nrfx_usbd.c.obj)
 .text.nrfx_usbd_stop
                0x0000000000006ebc       0x3c modules/hal_nordic/nrfx/libmodules__hal_nordic__nrfx.a(nrfx_usbd.c.obj)
                0x0000000000006ebc                nrfx_usbd_stop
 .text.nrfx_usbd_disable
                0x0000000000006ef8       0x30 modules/hal_nordic/nrfx/libmodules__hal_nordic__nrfx.a(nrfx_usbd.c.obj)
                0x0000000000006ef8                nrfx_usbd_disable
 .text.nrfx_usbd_suspend
                0x0000000000006f28       0x60 modules/hal_nordic/nrfx/libmodules__hal_nordic__nrfx.a(nrfx_usbd.c.obj)
                0x0000000000006f28                nrfx_usbd_suspend
 .text.nrfx_usbd_ep_disable
                0x0000000000006f88       0x58 modules/hal_nordic/nrfx/libmodules__hal_nordic__nrfx.a(nrfx_usbd.c.obj)
                0x0000000000006f88                nrfx_usbd_ep_disable
 .text.nrfx_usbd_ep_enable
                0x0000000000006fe0       0xa4 modules/hal_nordic/nrfx/libmodules__hal_nordic__nrfx.a(nrfx_usbd.c.obj)
                0x0000000000006fe0                nrfx_usbd_ep_enable
 .text.nrfx_usbd_ep_stall_clear
                0x0000000000007084       0x20 modules/hal_nordic/nrfx/libmodules__hal_nordic__nrfx.a(nrfx_usbd.c.obj)
                0x0000000000007084                nrfx_usbd_ep_stall_clear
 .text.verify_header
                0x00000000000070a4       0x40 modules/mbedtls/libmodules__mbedtls.a(memory_buffer_alloc.c.obj)
 .text.verify_chain
                0x00000000000070e4       0x3c modules/mbedtls/libmodules__mbedtls.a(memory_buffer_alloc.c.obj)
 .text.buffer_alloc_calloc
                0x0000000000007120      0x118 modules/mbedtls/libmodules__mbedtls.a(memory_buffer_alloc.c.obj)
 .text.buffer_alloc_free
                0x0000000000007238      0x110 modules/mbedtls/libmodules__mbedtls.a(memory_buffer_alloc.c.obj)
 .text.mbedtls_memory_buffer_alloc_init
                0x0000000000007348       0x64 modules/mbedtls/libmodules__mbedtls.a(memory_buffer_alloc.c.obj)
                0x0000000000007348                mbedtls_memory_buffer_alloc_init
 .text.mbedtls_calloc
                0x00000000000073ac        0xc modules/mbedtls/libmodules__mbedtls.a(platform.c.obj)
                0x00000000000073ac                mbedtls_calloc
 .text.mbedtls_free
                0x00000000000073b8        0xc modules/mbedtls/libmodules__mbedtls.a(platform.c.obj)
                0x00000000000073b8                mbedtls_free
 .text.mbedtls_platform_set_calloc_free
                0x00000000000073c4       0x14 modules/mbedtls/libmodules__mbedtls.a(platform.c.obj)
                0x00000000000073c4                mbedtls_platform_set_calloc_free
 .text.mbedtls_platform_zeroize
                0x00000000000073d8       0x14 modules/mbedtls/libmodules__mbedtls.a(platform_util.c.obj)
                0x00000000000073d8                mbedtls_platform_zeroize
 .text.rsa_check_context.isra.0
                0x00000000000073ec       0xb8 modules/mbedtls/libmodules__mbedtls.a(rsa.c.obj)
 .text.mbedtls_rsa_check_pubkey
                0x00000000000074a4       0x48 modules/mbedtls/libmodules__mbedtls.a(rsa.c.obj)
                0x00000000000074a4                mbedtls_rsa_check_pubkey
 .text.mbedtls_rsa_public
                0x00000000000074ec       0x7c modules/mbedtls/libmodules__mbedtls.a(rsa.c.obj)
                0x00000000000074ec                mbedtls_rsa_public
 .text.mbedtls_sha256_starts_ret
                0x0000000000007568       0xa4 modules/mbedtls/libmodules__mbedtls.a(sha256.c.obj)
                0x0000000000007568                mbedtls_sha256_starts_ret
 .text.mbedtls_internal_sha256_process
                0x000000000000760c      0x6ec modules/mbedtls/libmodules__mbedtls.a(sha256.c.obj)
                0x000000000000760c                mbedtls_internal_sha256_process
 .text.z_sys_init_run_level
                0x0000000000007cf8       0x40 zephyr/kernel/libkernel.a(device.c.obj)
                0x0000000000007cf8                z_sys_init_run_level
 .text.z_impl_device_get_binding
                0x0000000000007d38       0x58 zephyr/kernel/libkernel.a(device.c.obj)
                0x0000000000007d38                z_impl_device_get_binding
 .text.z_bss_zero
                0x0000000000007d90       0x14 zephyr/kernel/libkernel.a(init.c.obj)
                0x0000000000007d90                z_bss_zero
 .text.bg_thread_main
                0x0000000000007da4       0x34 zephyr/kernel/libkernel.a(init.c.obj)
 .text.z_cstart
                0x0000000000007dd8      0x110 zephyr/kernel/libkernel.a(init.c.obj)
                0x0000000000007dd8                z_cstart
 .text.init_mem_slab_module
                0x0000000000007ee8       0x44 zephyr/kernel/libkernel.a(mem_slab.c.obj)
 .text.k_mem_slab_alloc
                0x0000000000007f2c       0x60 zephyr/kernel/libkernel.a(mem_slab.c.obj)
                0x0000000000007f2c                k_mem_slab_alloc
 .text.z_setup_new_thread
                0x0000000000007f8c       0x64 zephyr/kernel/libkernel.a(thread.c.obj)
                0x0000000000007f8c                z_setup_new_thread
 .text.z_impl_k_thread_create
                0x0000000000007ff0       0x58 zephyr/kernel/libkernel.a(thread.c.obj)
                0x0000000000007ff0                z_impl_k_thread_create
 .text.z_init_static_threads
                0x0000000000008048       0xbc zephyr/kernel/libkernel.a(thread.c.obj)
                0x0000000000008048                z_init_static_threads
 .text.idle     0x0000000000008104       0x2c zephyr/kernel/libkernel.a(idle.c.obj)
                0x0000000000008104                idle
 .text.z_impl_k_mutex_lock
                0x0000000000008130       0xf0 zephyr/kernel/libkernel.a(mutex.c.obj)
                0x0000000000008130                z_impl_k_mutex_lock
 .text.z_impl_k_mutex_unlock
                0x0000000000008220       0x8c zephyr/kernel/libkernel.a(mutex.c.obj)
                0x0000000000008220                z_impl_k_mutex_unlock
 .text.z_impl_k_queue_get
                0x00000000000082ac       0x68 zephyr/kernel/libkernel.a(queue.c.obj)
                0x00000000000082ac                z_impl_k_queue_get
 .text.z_impl_k_sem_give
                0x0000000000008314       0x40 zephyr/kernel/libkernel.a(sem.c.obj)
                0x0000000000008314                z_impl_k_sem_give
 .text.z_impl_k_sem_take
                0x0000000000008354       0x54 zephyr/kernel/libkernel.a(sem.c.obj)
                0x0000000000008354                z_impl_k_sem_take
 .text.work_queue_main
                0x00000000000083a8      0x13c zephyr/kernel/libkernel.a(work.c.obj)
 .text.submit_to_queue_locked
                0x00000000000084e4       0xa0 zephyr/kernel/libkernel.a(work.c.obj)
 .text.k_work_queue_start
                0x0000000000008584       0x70 zephyr/kernel/libkernel.a(work.c.obj)
                0x0000000000008584                k_work_queue_start
 .text.z_reset_time_slice
                0x00000000000085f4       0x2c zephyr/kernel/libkernel.a(sched.c.obj)
                0x00000000000085f4                z_reset_time_slice
 .text.k_sched_time_slice_set
                0x0000000000008620       0x64 zephyr/kernel/libkernel.a(sched.c.obj)
                0x0000000000008620                k_sched_time_slice_set
 .text.z_reschedule
                0x0000000000008684       0x24 zephyr/kernel/libkernel.a(sched.c.obj)
                0x0000000000008684                z_reschedule
 .text.k_sched_lock
                0x00000000000086a8       0x28 zephyr/kernel/libkernel.a(sched.c.obj)
                0x00000000000086a8                k_sched_lock
 .text.update_cache
                0x00000000000086d0       0x40 zephyr/kernel/libkernel.a(sched.c.obj)
 .text.unready_thread
                0x0000000000008710       0x30 zephyr/kernel/libkernel.a(sched.c.obj)
 .text.pend     0x0000000000008740       0x4c zephyr/kernel/libkernel.a(sched.c.obj)
 .text.z_pend_curr
                0x000000000000878c       0x28 zephyr/kernel/libkernel.a(sched.c.obj)
                0x000000000000878c                z_pend_curr
 .text.z_tick_sleep.part.0
                0x00000000000087b4       0x74 zephyr/kernel/libkernel.a(sched.c.obj)
 .text.z_impl_k_thread_suspend
                0x0000000000008828       0x64 zephyr/kernel/libkernel.a(sched.c.obj)
                0x0000000000008828                z_impl_k_thread_suspend
 .text.k_sched_unlock
                0x000000000000888c       0x38 zephyr/kernel/libkernel.a(sched.c.obj)
                0x000000000000888c                k_sched_unlock
 .text.move_thread_to_end_of_prio_q
                0x00000000000088c4       0x7c zephyr/kernel/libkernel.a(sched.c.obj)
 .text.z_time_slice
                0x0000000000008940       0x84 zephyr/kernel/libkernel.a(sched.c.obj)
                0x0000000000008940                z_time_slice
 .text.ready_thread
                0x00000000000089c4       0x70 zephyr/kernel/libkernel.a(sched.c.obj)
 .text.z_sched_start
                0x0000000000008a34       0x3c zephyr/kernel/libkernel.a(sched.c.obj)
                0x0000000000008a34                z_sched_start
 .text.z_set_prio
                0x0000000000008a70       0x98 zephyr/kernel/libkernel.a(sched.c.obj)
                0x0000000000008a70                z_set_prio
 .text.z_sched_init
                0x0000000000008b08       0x18 zephyr/kernel/libkernel.a(sched.c.obj)
                0x0000000000008b08                z_sched_init
 .text.z_impl_k_yield
                0x0000000000008b20       0xa4 zephyr/kernel/libkernel.a(sched.c.obj)
                0x0000000000008b20                z_impl_k_yield
 .text.z_impl_k_sleep
                0x0000000000008bc4       0x44 zephyr/kernel/libkernel.a(sched.c.obj)
                0x0000000000008bc4                z_impl_k_sleep
 .text.z_impl_k_current_get
                0x0000000000008c08        0xc zephyr/kernel/libkernel.a(sched.c.obj)
                0x0000000000008c08                z_impl_k_current_get
 .text.z_impl_k_is_preempt_thread
                0x0000000000008c14       0x20 zephyr/kernel/libkernel.a(sched.c.obj)
                0x0000000000008c14                z_impl_k_is_preempt_thread
 .text.z_thread_abort
                0x0000000000008c34       0xa4 zephyr/kernel/libkernel.a(sched.c.obj)
                0x0000000000008c34                z_thread_abort
 .text.z_sched_wait
                0x0000000000008cd8       0x24 zephyr/kernel/libkernel.a(sched.c.obj)
                0x0000000000008cd8                z_sched_wait
 .text.z_data_copy
                0x0000000000008cfc       0x34 zephyr/kernel/libkernel.a(xip.c.obj)
                0x0000000000008cfc                z_data_copy
 .text.elapsed  0x0000000000008d30       0x14 zephyr/kernel/libkernel.a(timeout.c.obj)
 .text.remove_timeout
                0x0000000000008d44       0x34 zephyr/kernel/libkernel.a(timeout.c.obj)
 .text.next_timeout
                0x0000000000008d78       0x58 zephyr/kernel/libkernel.a(timeout.c.obj)
 .text.z_add_timeout
                0x0000000000008dd0      0x110 zephyr/kernel/libkernel.a(timeout.c.obj)
                0x0000000000008dd0                z_add_timeout
 .text.sys_clock_announce
                0x0000000000008ee0       0xd8 zephyr/kernel/libkernel.a(timeout.c.obj)
                0x0000000000008ee0                sys_clock_announce
 .text.sys_clock_tick_get
                0x0000000000008fb8       0x34 zephyr/kernel/libkernel.a(timeout.c.obj)
                0x0000000000008fb8                sys_clock_tick_get
 .text.z_thread_aligned_alloc
                0x0000000000008fec       0x40 zephyr/kernel/libkernel.a(mempool.c.obj)
                0x0000000000008fec                z_thread_aligned_alloc
 .text.statics_init
                0x000000000000902c       0x24 zephyr/kernel/libkernel.a(kheap.c.obj)
 .text.k_sys_work_q_init
                0x0000000000009050       0x34 zephyr/kernel/libkernel.a(system_work_q.c.obj)
 .text.nrf_cc3xx_platform_init_no_rng
                0x0000000000009084       0x38 /opt/nordic/ncs/v1.6.0/nrfxlib/crypto/nrf_cc310_platform/lib/cortex-m4/soft-float/no-interrupts/libnrf_cc310_platform_0.9.10.a(nrf_cc3xx_platform.c.obj)
                0x0000000000009084                nrf_cc3xx_platform_init_no_rng
 .text.nrf_cc3xx_platform_abort
                0x00000000000090bc       0x24 /opt/nordic/ncs/v1.6.0/nrfxlib/crypto/nrf_cc310_platform/lib/cortex-m4/soft-float/no-interrupts/libnrf_cc310_platform_0.9.10.a(nrf_cc3xx_platform_abort.c.obj)
 .text.CC_PalAbort
                0x00000000000090e0       0x40 /opt/nordic/ncs/v1.6.0/nrfxlib/crypto/nrf_cc310_platform/lib/cortex-m4/soft-float/no-interrupts/libnrf_cc310_platform_0.9.10.a(nrf_cc3xx_platform_abort.c.obj)
                0x00000000000090e0                CC_PalAbort
 .text.nrf_cc3xx_platform_set_abort
                0x0000000000009120       0x10 /opt/nordic/ncs/v1.6.0/nrfxlib/crypto/nrf_cc310_platform/lib/cortex-m4/soft-float/no-interrupts/libnrf_cc310_platform_0.9.10.a(nrf_cc3xx_platform_abort.c.obj)
                0x0000000000009120                nrf_cc3xx_platform_set_abort
 .text.mutex_unlock
                0x0000000000009130       0x20 /opt/nordic/ncs/v1.6.0/nrfxlib/crypto/nrf_cc310_platform/lib/cortex-m4/soft-float/no-interrupts/libnrf_cc310_platform_0.9.10.a(nrf_cc3xx_platform_mutex.c.obj)
 .text.mutex_free
                0x0000000000009150       0x24 /opt/nordic/ncs/v1.6.0/nrfxlib/crypto/nrf_cc310_platform/lib/cortex-m4/soft-float/no-interrupts/libnrf_cc310_platform_0.9.10.a(nrf_cc3xx_platform_mutex.c.obj)
 .text.mutex_init
                0x0000000000009174       0x20 /opt/nordic/ncs/v1.6.0/nrfxlib/crypto/nrf_cc310_platform/lib/cortex-m4/soft-float/no-interrupts/libnrf_cc310_platform_0.9.10.a(nrf_cc3xx_platform_mutex.c.obj)
 .text.mutex_lock
                0x0000000000009194       0x38 /opt/nordic/ncs/v1.6.0/nrfxlib/crypto/nrf_cc310_platform/lib/cortex-m4/soft-float/no-interrupts/libnrf_cc310_platform_0.9.10.a(nrf_cc3xx_platform_mutex.c.obj)
 .text.nrf_cc3xx_platform_set_mutexes
                0x00000000000091cc       0x38 /opt/nordic/ncs/v1.6.0/nrfxlib/crypto/nrf_cc310_platform/lib/cortex-m4/soft-float/no-interrupts/libnrf_cc310_platform_0.9.10.a(nrf_cc3xx_platform_mutex.c.obj)
                0x00000000000091cc                nrf_cc3xx_platform_set_mutexes
 .text.CC_LibInitNoRng
                0x0000000000009204       0x6c /opt/nordic/ncs/v1.6.0/nrfxlib/crypto/nrf_cc310_platform/lib/cortex-m4/soft-float/no-interrupts/libnrf_cc310_platform_0.9.10.a(cc_lib.c.obj)
                0x0000000000009204                CC_LibInitNoRng
 .text.CC_HalInit
                0x0000000000009270        0x4 /opt/nordic/ncs/v1.6.0/nrfxlib/crypto/nrf_cc310_platform/lib/cortex-m4/soft-float/no-interrupts/libnrf_cc310_platform_0.9.10.a(cc_hal.c.obj)
                0x0000000000009270                CC_HalInit
 .text.CC_HalTerminate
                0x0000000000009274        0x4 /opt/nordic/ncs/v1.6.0/nrfxlib/crypto/nrf_cc310_platform/lib/cortex-m4/soft-float/no-interrupts/libnrf_cc310_platform_0.9.10.a(cc_hal.c.obj)
                0x0000000000009274                CC_HalTerminate
 .text.CC_HalMaskInterrupt
                0x0000000000009278        0xc /opt/nordic/ncs/v1.6.0/nrfxlib/crypto/nrf_cc310_platform/lib/cortex-m4/soft-float/no-interrupts/libnrf_cc310_platform_0.9.10.a(cc_hal.c.obj)
                0x0000000000009278                CC_HalMaskInterrupt
 .text.CC_PalInit
                0x0000000000009284       0x5c /opt/nordic/ncs/v1.6.0/nrfxlib/crypto/nrf_cc310_platform/lib/cortex-m4/soft-float/no-interrupts/libnrf_cc310_platform_0.9.10.a(cc_pal.c.obj)
                0x0000000000009284                CC_PalInit
 .text.CC_PalTerminate
                0x00000000000092e0       0x34 /opt/nordic/ncs/v1.6.0/nrfxlib/crypto/nrf_cc310_platform/lib/cortex-m4/soft-float/no-interrupts/libnrf_cc310_platform_0.9.10.a(cc_pal.c.obj)
                0x00000000000092e0                CC_PalTerminate
 .text.CC_PalDmaInit
                0x0000000000009314        0x4 /opt/nordic/ncs/v1.6.0/nrfxlib/crypto/nrf_cc310_platform/lib/cortex-m4/soft-float/no-interrupts/libnrf_cc310_platform_0.9.10.a(cc_pal_dma.c.obj)
                0x0000000000009314                CC_PalDmaInit
 .text.CC_PalDmaTerminate
                0x0000000000009318        0x4 /opt/nordic/ncs/v1.6.0/nrfxlib/crypto/nrf_cc310_platform/lib/cortex-m4/soft-float/no-interrupts/libnrf_cc310_platform_0.9.10.a(cc_pal_dma.c.obj)
                0x0000000000009318                CC_PalDmaTerminate
 .text.CC_PalMutexCreate
                0x000000000000931c       0x14 /opt/nordic/ncs/v1.6.0/nrfxlib/crypto/nrf_cc310_platform/lib/cortex-m4/soft-float/no-interrupts/libnrf_cc310_platform_0.9.10.a(cc_pal_mutex.c.obj)
                0x000000000000931c                CC_PalMutexCreate
 .text.CC_PalMutexDestroy
                0x0000000000009330       0x14 /opt/nordic/ncs/v1.6.0/nrfxlib/crypto/nrf_cc310_platform/lib/cortex-m4/soft-float/no-interrupts/libnrf_cc310_platform_0.9.10.a(cc_pal_mutex.c.obj)
                0x0000000000009330                CC_PalMutexDestroy
 .text.CC_PalPowerSaveModeInit
                0x0000000000009344       0x3c /opt/nordic/ncs/v1.6.0/nrfxlib/crypto/nrf_cc310_platform/lib/cortex-m4/soft-float/no-interrupts/libnrf_cc310_platform_0.9.10.a(cc_pal_pm.c.obj)
                0x0000000000009344                CC_PalPowerSaveModeInit
 .text.CC_PalPowerSaveModeSelect
                0x0000000000009380       0x84 /opt/nordic/ncs/v1.6.0/nrfxlib/crypto/nrf_cc310_platform/lib/cortex-m4/soft-float/no-interrupts/libnrf_cc310_platform_0.9.10.a(cc_pal_pm.c.obj)
                0x0000000000009380                CC_PalPowerSaveModeSelect
 .text.flash_device_base
                0x0000000000009404        0xc app/libapp.a(flash_map_extended.c.obj)
                0x0000000000009404                flash_device_base
 .text.flash_area_id_from_multi_image_slot
                0x0000000000009410       0x12 app/libapp.a(flash_map_extended.c.obj)
                0x0000000000009410                flash_area_id_from_multi_image_slot
 .text.bootutil_tlv_iter_begin
                0x0000000000009422       0x98 app/libapp.a(tlv.c.obj)
                0x0000000000009422                bootutil_tlv_iter_begin
 .text.bootutil_tlv_iter_next
                0x00000000000094ba       0x96 app/libapp.a(tlv.c.obj)
                0x00000000000094ba                bootutil_tlv_iter_next
 .text.boot_fih_memequal
                0x0000000000009550        0x4 app/libapp.a(bootutil_misc.c.obj)
                0x0000000000009550                boot_fih_memequal
 .text.boot_trailer_sz
                0x0000000000009554        0xa app/libapp.a(bootutil_misc.c.obj)
                0x0000000000009554                boot_trailer_sz
 .text.boot_status_entries
                0x000000000000955e       0x1a app/libapp.a(bootutil_misc.c.obj)
                0x000000000000955e                boot_status_entries
 .text.boot_status_off
                0x0000000000009578       0x16 app/libapp.a(bootutil_misc.c.obj)
                0x0000000000009578                boot_status_off
 .text.boot_write_copy_done
                0x000000000000958e        0xa app/libapp.a(bootutil_misc.c.obj)
                0x000000000000958e                boot_write_copy_done
 .text.boot_write_swap_size
                0x0000000000009598       0x1e app/libapp.a(bootutil_misc.c.obj)
                0x0000000000009598                boot_write_swap_size
 .text.boot_read_image_size
                0x00000000000095b6       0x90 app/libapp.a(loader.c.obj)
 .text.boot_read_image_headers
                0x0000000000009646       0x30 app/libapp.a(loader.c.obj)
 .text.boot_read_sectors
                0x0000000000009676       0x3e app/libapp.a(loader.c.obj)
 .text.boot_status_reset
                0x00000000000096b4       0x12 app/libapp.a(loader.c.obj)
                0x00000000000096b4                boot_status_reset
 .text.boot_status_is_reset
                0x00000000000096c6       0x1a app/libapp.a(loader.c.obj)
                0x00000000000096c6                boot_status_is_reset
 .text.boot_write_status
                0x00000000000096e0       0x64 app/libapp.a(loader.c.obj)
                0x00000000000096e0                boot_write_status
 .text.boot_erase_region
                0x0000000000009744        0x4 app/libapp.a(loader.c.obj)
                0x0000000000009744                boot_erase_region
 .text.swap_erase_trailer_sectors
                0x0000000000009748       0x6a app/libapp.a(swap_misc.c.obj)
                0x0000000000009748                swap_erase_trailer_sectors
 .text.swap_status_init
                0x00000000000097b2       0x3e app/libapp.a(swap_misc.c.obj)
                0x00000000000097b2                swap_status_init
 .text.swap_read_status
                0x00000000000097f0       0x76 app/libapp.a(swap_misc.c.obj)
                0x00000000000097f0                swap_read_status
 .text.swap_set_copy_done
                0x0000000000009866       0x24 app/libapp.a(swap_misc.c.obj)
                0x0000000000009866                swap_set_copy_done
 .text.swap_set_image_ok
                0x000000000000988a       0x3c app/libapp.a(swap_misc.c.obj)
                0x000000000000988a                swap_set_image_ok
 .text.swap_read_status_bytes
                0x00000000000098c6       0x9c app/libapp.a(swap_move.c.obj)
                0x00000000000098c6                swap_read_status_bytes
 .text.boot_status_internal_off
                0x0000000000009962       0x30 app/libapp.a(swap_move.c.obj)
                0x0000000000009962                boot_status_internal_off
 .text.boot_slots_compatible
                0x0000000000009992       0x50 app/libapp.a(swap_move.c.obj)
                0x0000000000009992                boot_slots_compatible
 .text.swap_status_source
                0x00000000000099e2       0x38 app/libapp.a(swap_move.c.obj)
                0x00000000000099e2                swap_status_source
 .text.crc16    0x0000000000009a1a       0x5a zephyr/libzephyr.a(crc16_sw.c.obj)
                0x0000000000009a1a                crc16
 .text.sys_notify_validate
                0x0000000000009a74       0x22 zephyr/libzephyr.a(notify.c.obj)
                0x0000000000009a74                sys_notify_validate
 .text.sys_notify_finalize
                0x0000000000009a96       0x1a zephyr/libzephyr.a(notify.c.obj)
                0x0000000000009a96                sys_notify_finalize
 .text.arch_printk_char_out
                0x0000000000009ab0        0x4 zephyr/libzephyr.a(printk.c.obj)
                0x0000000000009ab0                arch_printk_char_out
 .text.printk   0x0000000000009ab4       0x1a zephyr/libzephyr.a(printk.c.obj)
                0x0000000000009ab4                printk
 .text.process_recheck
                0x0000000000009ace       0x38 zephyr/libzephyr.a(onoff.c.obj)
 .text.notify_one
                0x0000000000009b06       0x2c zephyr/libzephyr.a(onoff.c.obj)
 .text.transition_complete
                0x0000000000009b32       0x1c zephyr/libzephyr.a(onoff.c.obj)
 .text.validate_args
                0x0000000000009b4e       0x1e zephyr/libzephyr.a(onoff.c.obj)
 .text.onoff_manager_init
                0x0000000000009b6c       0x26 zephyr/libzephyr.a(onoff.c.obj)
                0x0000000000009b6c                onoff_manager_init
 .text.onoff_request
                0x0000000000009b92       0x92 zephyr/libzephyr.a(onoff.c.obj)
                0x0000000000009b92                onoff_request
 .text.onoff_release
                0x0000000000009c24       0x4a zephyr/libzephyr.a(onoff.c.obj)
                0x0000000000009c24                onoff_release
 .text.onoff_cancel
                0x0000000000009c6e       0x60 zephyr/libzephyr.a(onoff.c.obj)
                0x0000000000009c6e                onoff_cancel
 .text.z_thread_entry
                0x0000000000009cce       0x14 zephyr/libzephyr.a(thread_entry.c.obj)
                0x0000000000009cce                z_thread_entry
 .text.chunk_field
                0x0000000000009ce2       0x16 zephyr/libzephyr.a(heap.c.obj)
 .text.chunk_set
                0x0000000000009cf8       0x16 zephyr/libzephyr.a(heap.c.obj)
 .text.chunk_size
                0x0000000000009d0e        0xc zephyr/libzephyr.a(heap.c.obj)
 .text.set_chunk_used
                0x0000000000009d1a       0x30 zephyr/libzephyr.a(heap.c.obj)
 .text.set_chunk_size
                0x0000000000009d4a        0x8 zephyr/libzephyr.a(heap.c.obj)
 .text.bucket_idx
                0x0000000000009d52       0x1a zephyr/libzephyr.a(heap.c.obj)
 .text.merge_chunks
                0x0000000000009d6c       0x3c zephyr/libzephyr.a(heap.c.obj)
 .text.split_chunks
                0x0000000000009da8       0x4e zephyr/libzephyr.a(heap.c.obj)
 .text.free_list_remove_bidx
                0x0000000000009df6       0x5e zephyr/libzephyr.a(heap.c.obj)
 .text.free_list_remove
                0x0000000000009e54       0x2e zephyr/libzephyr.a(heap.c.obj)
 .text.alloc_chunk
                0x0000000000009e82       0x72 zephyr/libzephyr.a(heap.c.obj)
 .text.free_list_add
                0x0000000000009ef4       0x8a zephyr/libzephyr.a(heap.c.obj)
 .text.free_chunk
                0x0000000000009f7e       0x84 zephyr/libzephyr.a(heap.c.obj)
 .text.sys_heap_free
                0x000000000000a002       0x2c zephyr/libzephyr.a(heap.c.obj)
                0x000000000000a002                sys_heap_free
 .text.sys_heap_alloc
                0x000000000000a02e       0x6e zephyr/libzephyr.a(heap.c.obj)
                0x000000000000a02e                sys_heap_alloc
 .text.sys_heap_aligned_alloc
                0x000000000000a09c       0xf6 zephyr/libzephyr.a(heap.c.obj)
                0x000000000000a09c                sys_heap_aligned_alloc
 .text.sys_heap_init
                0x000000000000a192       0xa8 zephyr/libzephyr.a(heap.c.obj)
                0x000000000000a192                sys_heap_init
 .text.ring_buf_get_rewind_threshold
                0x000000000000a23a        0x6 zephyr/libzephyr.a(ring_buffer.c.obj)
                0x000000000000a23a                ring_buf_get_rewind_threshold
 .text.ring_buf_put_claim
                0x000000000000a240       0x38 zephyr/libzephyr.a(ring_buffer.c.obj)
                0x000000000000a240                ring_buf_put_claim
 .text.ring_buf_put_finish
                0x000000000000a278       0x1a zephyr/libzephyr.a(ring_buffer.c.obj)
                0x000000000000a278                ring_buf_put_finish
 .text.ring_buf_put
                0x000000000000a292       0x3e zephyr/libzephyr.a(ring_buffer.c.obj)
                0x000000000000a292                ring_buf_put
 .text.ring_buf_get_claim
                0x000000000000a2d0       0x38 zephyr/libzephyr.a(ring_buffer.c.obj)
                0x000000000000a2d0                ring_buf_get_claim
 .text.ring_buf_get_finish
                0x000000000000a308       0x5e zephyr/libzephyr.a(ring_buffer.c.obj)
                0x000000000000a308                ring_buf_get_finish
 .text.ring_buf_get
                0x000000000000a366       0x40 zephyr/libzephyr.a(ring_buffer.c.obj)
                0x000000000000a366                ring_buf_get
 .text._ConfigAbsSyms
                0x000000000000a3a6        0x2 zephyr/libzephyr.a(configs.c.obj)
                0x000000000000a3a6                _ConfigAbsSyms
 .text.usb_write
                0x000000000000a3a8       0x30 zephyr/libzephyr.a(usb_device.c.obj)
                0x000000000000a3a8                usb_write
 .text.usb_get_dev_data_by_cfg
                0x000000000000a3d8       0x1e zephyr/libzephyr.a(usb_descriptor.c.obj)
                0x000000000000a3d8                usb_get_dev_data_by_cfg
 .text.usb_get_dev_data_by_iface
                0x000000000000a3f6       0x22 zephyr/libzephyr.a(usb_descriptor.c.obj)
                0x000000000000a3f6                usb_get_dev_data_by_iface
 .text.usb_get_dev_data_by_ep
                0x000000000000a418       0x34 zephyr/libzephyr.a(usb_descriptor.c.obj)
                0x000000000000a418                usb_get_dev_data_by_ep
 .text.usb_transfer_is_busy
                0x000000000000a44c       0x16 zephyr/libzephyr.a(usb_transfer.c.obj)
                0x000000000000a44c                usb_transfer_is_busy
 .text.cdc_interface_config
                0x000000000000a462       0x14 zephyr/libzephyr.a(cdc_acm.c.obj)
 .text.cdc_acm_irq_callback_work_handler
                0x000000000000a476        0x8 zephyr/libzephyr.a(cdc_acm.c.obj)
 .text.cdc_acm_irq_tx_disable
                0x000000000000a47e        0xa zephyr/libzephyr.a(cdc_acm.c.obj)
 .text.cdc_acm_irq_tx_ready
                0x000000000000a488        0x8 zephyr/libzephyr.a(cdc_acm.c.obj)
 .text.cdc_acm_irq_rx_disable
                0x000000000000a490        0xa zephyr/libzephyr.a(cdc_acm.c.obj)
 .text.cdc_acm_irq_rx_ready
                0x000000000000a49a        0x8 zephyr/libzephyr.a(cdc_acm.c.obj)
 .text.cdc_acm_irq_is_pending
                0x000000000000a4a2       0x1e zephyr/libzephyr.a(cdc_acm.c.obj)
 .text.cdc_acm_irq_update
                0x000000000000a4c0        0x4 zephyr/libzephyr.a(cdc_acm.c.obj)
 .text.cdc_acm_irq_callback_set
                0x000000000000a4c4        0x8 zephyr/libzephyr.a(cdc_acm.c.obj)
 .text.cdc_acm_line_ctrl_get
                0x000000000000a4cc       0x32 zephyr/libzephyr.a(cdc_acm.c.obj)
 .text.cdc_acm_poll_in
                0x000000000000a4fe        0x6 zephyr/libzephyr.a(cdc_acm.c.obj)
 .text.cdc_acm_fifo_read
                0x000000000000a504       0x1c zephyr/libzephyr.a(cdc_acm.c.obj)
 .text.cdc_acm_poll_out
                0x000000000000a520       0x24 zephyr/libzephyr.a(cdc_acm.c.obj)
 .text.cdc_acm_line_ctrl_set
                0x000000000000a544       0xc6 zephyr/libzephyr.a(cdc_acm.c.obj)
 .text.device_get_binding
                0x000000000000a60a        0x4 zephyr/libzephyr.a(flash_map.c.obj)
 .text.get_sectors_cb
                0x000000000000a60e       0x3c zephyr/libzephyr.a(flash_map.c.obj)
 .text.flash_area_close
                0x000000000000a64a        0x2 zephyr/libzephyr.a(flash_map.c.obj)
                0x000000000000a64a                flash_area_close
 .text.flash_area_read
                0x000000000000a64c       0x3a zephyr/libzephyr.a(flash_map.c.obj)
                0x000000000000a64c                flash_area_read
 .text.flash_area_write
                0x000000000000a686       0x5e zephyr/libzephyr.a(flash_map.c.obj)
                0x000000000000a686                flash_area_write
 .text.flash_area_erase
                0x000000000000a6e4       0x60 zephyr/libzephyr.a(flash_map.c.obj)
                0x000000000000a6e4                flash_area_erase
 .text.flash_area_align
                0x000000000000a744       0x12 zephyr/libzephyr.a(flash_map.c.obj)
                0x000000000000a744                flash_area_align
 .text.flash_area_erased_val
                0x000000000000a756       0x12 zephyr/libzephyr.a(flash_map.c.obj)
                0x000000000000a756                flash_area_erased_val
 .text.pm_policy_next_state
                0x000000000000a768        0xa zephyr/libzephyr.a(policy_residency.c.obj)
                0x000000000000a768                pm_policy_next_state
 .text.get_status
                0x000000000000a772       0x12 zephyr/libzephyr.a(clock_control_nrf.c.obj)
 .text.set_off_state
                0x000000000000a784       0x32 zephyr/libzephyr.a(clock_control_nrf.c.obj)
 .text.set_starting_state
                0x000000000000a7b6       0x3c zephyr/libzephyr.a(clock_control_nrf.c.obj)
 .text.set_on_state
                0x000000000000a7f2       0x26 zephyr/libzephyr.a(clock_control_nrf.c.obj)
 .text.onoff_started_callback
                0x000000000000a818       0x12 zephyr/libzephyr.a(clock_control_nrf.c.obj)
 .text.lfclk_start
                0x000000000000a82a        0x6 zephyr/libzephyr.a(clock_control_nrf.c.obj)
 .text.lfclk_stop
                0x000000000000a830        0x6 zephyr/libzephyr.a(clock_control_nrf.c.obj)
 .text.blocking_start_callback
                0x000000000000a836        0x6 zephyr/libzephyr.a(clock_control_nrf.c.obj)
 .text.api_stop
                0x000000000000a83c       0x28 zephyr/libzephyr.a(clock_control_nrf.c.obj)
 .text.api_start
                0x000000000000a864       0x36 zephyr/libzephyr.a(clock_control_nrf.c.obj)
 .text.ep_ctx_reset
                0x000000000000a89a       0x26 zephyr/libzephyr.a(usb_dc_nrfx.c.obj)
 .text.k_mutex_unlock
                0x000000000000a8c0        0x4 zephyr/libzephyr.a(usb_dc_nrfx.c.obj)
 .text.k_mutex_lock.constprop.0
                0x000000000000a8c4        0x4 zephyr/libzephyr.a(usb_dc_nrfx.c.obj)
 .text.usb_dc_ep_check_cap
                0x000000000000a8c8       0x30 zephyr/libzephyr.a(usb_dc_nrfx.c.obj)
                0x000000000000a8c8                usb_dc_ep_check_cap
 .text.usb_dc_ep_read
                0x000000000000a8f8       0x1e zephyr/libzephyr.a(usb_dc_nrfx.c.obj)
                0x000000000000a8f8                usb_dc_ep_read
 .text.z_impl_hwinfo_get_device_id
                0x000000000000a916       0x6e zephyr/libzephyr.a(hwinfo_nrf.c.obj)
                0x000000000000a916                z_impl_hwinfo_get_device_id
 .text.sys_clock_isr
                0x000000000000a984        0x2 zephyr/libzephyr.a(sys_clock_init.c.obj)
                0x000000000000a984                sys_clock_isr
 .text.sys_clock_idle_exit
                0x000000000000a986        0x2 zephyr/libzephyr.a(sys_clock_init.c.obj)
                0x000000000000a986                sys_clock_idle_exit
 .text.sys_clock_disable
                0x000000000000a988        0x2 zephyr/libzephyr.a(sys_clock_init.c.obj)
                0x000000000000a988                sys_clock_disable
 .text.abort_function
                0x000000000000a98a        0x6 zephyr/libzephyr.a(nrf_cc3xx_platform_abort_zephyr.c.obj)
 .text.console_write
                0x000000000000a990       0x1c zephyr/libzephyr.a(serial_adapter.c.obj)
                0x000000000000a990                console_write
 .text.u32toa   0x000000000000a9ac       0x44 zephyr/libzephyr.a(boot_serial.c.obj)
 .text.cbor_encode_text_stringz
                0x000000000000a9f0       0x1a zephyr/libzephyr.a(boot_serial.c.obj)
 .text.value_extract
                0x000000000000aa0a       0x82 zephyr/libzephyr.a(cbor_decode.c.obj)
 .text.uint32_decode
                0x000000000000aa8c       0x2e zephyr/libzephyr.a(cbor_decode.c.obj)
 .text.intx32_decode
                0x000000000000aaba       0x4e zephyr/libzephyr.a(cbor_decode.c.obj)
                0x000000000000aaba                intx32_decode
 .text.strx_start_decode
                0x000000000000ab08       0x26 zephyr/libzephyr.a(cbor_decode.c.obj)
                0x000000000000ab08                strx_start_decode
 .text.strx_decode
                0x000000000000ab2e       0x16 zephyr/libzephyr.a(cbor_decode.c.obj)
                0x000000000000ab2e                strx_decode
 .text.list_start_decode
                0x000000000000ab44       0x3c zephyr/libzephyr.a(cbor_decode.c.obj)
                0x000000000000ab44                list_start_decode
 .text.multi_decode
                0x000000000000ab80       0x54 zephyr/libzephyr.a(cbor_decode.c.obj)
                0x000000000000ab80                multi_decode
 .text.z_irq_spurious
                0x000000000000abd4        0x8 zephyr/arch/arch/arm/core/aarch32/libarch__arm__core__aarch32.a(irq_manage.c.obj)
                0x000000000000abd4                z_irq_spurious
 .text.z_arm_fatal_error
                0x000000000000abdc        0x4 zephyr/arch/arch/arm/core/aarch32/libarch__arm__core__aarch32.a(fatal.c.obj)
                0x000000000000abdc                z_arm_fatal_error
 .text.z_do_kernel_oops
                0x000000000000abe0        0x8 zephyr/arch/arch/arm/core/aarch32/libarch__arm__core__aarch32.a(fatal.c.obj)
                0x000000000000abe0                z_do_kernel_oops
 .text.z_arm_nmi
                0x000000000000abe8        0xe zephyr/arch/arch/arm/core/aarch32/libarch__arm__core__aarch32.a(nmi.c.obj)
                0x000000000000abe8                z_arm_nmi
 .text.strlen   0x000000000000abf6        0xe zephyr/lib/libc/minimal/liblib__libc__minimal.a(string.c.obj)
                0x000000000000abf6                strlen
 .text.strcmp   0x000000000000ac04       0x18 zephyr/lib/libc/minimal/liblib__libc__minimal.a(string.c.obj)
                0x000000000000ac04                strcmp
 .text.memcmp   0x000000000000ac1c       0x20 zephyr/lib/libc/minimal/liblib__libc__minimal.a(string.c.obj)
                0x000000000000ac1c                memcmp
 .text.memcpy   0x000000000000ac3c       0x56 zephyr/lib/libc/minimal/liblib__libc__minimal.a(string.c.obj)
                0x000000000000ac3c                memcpy
 .text.memset   0x000000000000ac92       0x46 zephyr/lib/libc/minimal/liblib__libc__minimal.a(string.c.obj)
                0x000000000000ac92                memset
 .text.z_platform_init
                0x000000000000acd8        0x4 zephyr/soc/arm/nordic_nrf/nrf52/libsoc__arm__nordic_nrf__nrf52.a(soc.c.obj)
                0x000000000000acd8                z_platform_init
 .text.pm_power_state_set
                0x000000000000acdc       0x26 zephyr/soc/arm/nordic_nrf/nrf52/libsoc__arm__nordic_nrf__nrf52.a(power.c.obj)
                0x000000000000acdc                pm_power_state_set
 .text.pm_power_state_exit_post_ops
                0x000000000000ad02       0x16 zephyr/soc/arm/nordic_nrf/nrf52/libsoc__arm__nordic_nrf__nrf52.a(power.c.obj)
                0x000000000000ad02                pm_power_state_exit_post_ops
 .text.gpio_fire_callbacks
                0x000000000000ad18       0x30 zephyr/drivers/gpio/libdrivers__gpio.a(gpio_nrfx.c.obj)
 .text.gpio_nrfx_port_get_raw
                0x000000000000ad48        0xe zephyr/drivers/gpio/libdrivers__gpio.a(gpio_nrfx.c.obj)
 .text.gpio_nrfx_port_set_masked_raw
                0x000000000000ad56       0x16 zephyr/drivers/gpio/libdrivers__gpio.a(gpio_nrfx.c.obj)
 .text.gpio_nrfx_port_set_bits_raw
                0x000000000000ad6c        0xc zephyr/drivers/gpio/libdrivers__gpio.a(gpio_nrfx.c.obj)
 .text.gpio_nrfx_port_clear_bits_raw
                0x000000000000ad78        0xc zephyr/drivers/gpio/libdrivers__gpio.a(gpio_nrfx.c.obj)
 .text.gpio_nrfx_port_toggle_bits
                0x000000000000ad84       0x12 zephyr/drivers/gpio/libdrivers__gpio.a(gpio_nrfx.c.obj)
 .text.gpio_nrfx_manage_callback
                0x000000000000ad96       0x56 zephyr/drivers/gpio/libdrivers__gpio.a(gpio_nrfx.c.obj)
 .text.cfg_level_pins
                0x000000000000adec       0x4c zephyr/drivers/gpio/libdrivers__gpio.a(gpio_nrfx.c.obj)
 .text.is_regular_addr_valid
                0x000000000000ae38       0x26 zephyr/drivers/flash/libdrivers__flash.a(soc_flash_nrf.c.obj)
 .text.flash_nrf_read
                0x000000000000ae5e       0x2c zephyr/drivers/flash/libdrivers__flash.a(soc_flash_nrf.c.obj)
 .text.flash_get_page_info
                0x000000000000ae8a       0x80 zephyr/drivers/flash/libdrivers__flash.a(flash_page_layout.c.obj)
 .text.z_impl_flash_get_page_info_by_offs
                0x000000000000af0a        0x8 zephyr/drivers/flash/libdrivers__flash.a(flash_page_layout.c.obj)
                0x000000000000af0a                z_impl_flash_get_page_info_by_offs
 .text.flash_page_foreach
                0x000000000000af12       0x58 zephyr/drivers/flash/libdrivers__flash.a(flash_page_layout.c.obj)
                0x000000000000af12                flash_page_foreach
 .text.uarte_nrfx_isr_int
                0x000000000000af6a       0xbc zephyr/drivers/serial/libdrivers__serial.a(uart_nrfx_uarte.c.obj)
 .text.uarte_nrfx_config_get
                0x000000000000b026       0x10 zephyr/drivers/serial/libdrivers__serial.a(uart_nrfx_uarte.c.obj)
 .text.uarte_nrfx_err_check
                0x000000000000b036        0xe zephyr/drivers/serial/libdrivers__serial.a(uart_nrfx_uarte.c.obj)
 .text.is_tx_ready
                0x000000000000b044       0x20 zephyr/drivers/serial/libdrivers__serial.a(uart_nrfx_uarte.c.obj)
 .text.uarte_nrfx_poll_in
                0x000000000000b064       0x26 zephyr/drivers/serial/libdrivers__serial.a(uart_nrfx_uarte.c.obj)
 .text.uarte_nrfx_fifo_read
                0x000000000000b08a       0x2c zephyr/drivers/serial/libdrivers__serial.a(uart_nrfx_uarte.c.obj)
 .text.uarte_nrfx_irq_tx_enable
                0x000000000000b0b6       0x2e zephyr/drivers/serial/libdrivers__serial.a(uart_nrfx_uarte.c.obj)
 .text.uarte_nrfx_irq_tx_disable
                0x000000000000b0e4        0xa zephyr/drivers/serial/libdrivers__serial.a(uart_nrfx_uarte.c.obj)
 .text.uarte_nrfx_irq_tx_ready_complete
                0x000000000000b0ee       0x2a zephyr/drivers/serial/libdrivers__serial.a(uart_nrfx_uarte.c.obj)
 .text.uarte_nrfx_irq_rx_ready
                0x000000000000b118       0x10 zephyr/drivers/serial/libdrivers__serial.a(uart_nrfx_uarte.c.obj)
 .text.uarte_nrfx_irq_rx_enable
                0x000000000000b128        0xc zephyr/drivers/serial/libdrivers__serial.a(uart_nrfx_uarte.c.obj)
 .text.uarte_nrfx_irq_rx_disable
                0x000000000000b134        0xc zephyr/drivers/serial/libdrivers__serial.a(uart_nrfx_uarte.c.obj)
 .text.uarte_nrfx_irq_err_enable
                0x000000000000b140        0xe zephyr/drivers/serial/libdrivers__serial.a(uart_nrfx_uarte.c.obj)
 .text.uarte_nrfx_irq_err_disable
                0x000000000000b14e        0xe zephyr/drivers/serial/libdrivers__serial.a(uart_nrfx_uarte.c.obj)
 .text.uarte_nrfx_irq_update
                0x000000000000b15c        0x4 zephyr/drivers/serial/libdrivers__serial.a(uart_nrfx_uarte.c.obj)
 .text.uarte_nrfx_irq_callback_set
                0x000000000000b160        0xa zephyr/drivers/serial/libdrivers__serial.a(uart_nrfx_uarte.c.obj)
 .text.tx_start
                0x000000000000b16a       0x38 zephyr/drivers/serial/libdrivers__serial.a(uart_nrfx_uarte.c.obj)
 .text.uarte_nrfx_fifo_fill
                0x000000000000b1a2       0x80 zephyr/drivers/serial/libdrivers__serial.a(uart_nrfx_uarte.c.obj)
 .text.uarte_nrfx_irq_is_pending
                0x000000000000b222       0x36 zephyr/drivers/serial/libdrivers__serial.a(uart_nrfx_uarte.c.obj)
 .text.fprotect_area
                0x000000000000b258        0x6 modules/nrf/lib/fprotect/lib..__nrf__lib__fprotect.a(fprotect_acl.c.obj)
                0x000000000000b258                fprotect_area
 .text.k_sys_fatal_error_handler
                0x000000000000b25e        0x8 modules/nrf/lib/fatal_error/lib..__nrf__lib__fatal_error.a(fatal_error.c.obj)
                0x000000000000b25e                k_sys_fatal_error_handler
 .text.hw_cc3xx_init_internal
                0x000000000000b266        0x4 modules/nrf/drivers/hw_cc310/lib..__nrf__drivers__hw_cc310.a(hw_cc310.c.obj)
 .text.hw_cc3xx_init
                0x000000000000b26a       0x12 modules/nrf/drivers/hw_cc310/lib..__nrf__drivers__hw_cc310.a(hw_cc310.c.obj)
 .text.bootutil_buffer_is_erased.part.0
                0x000000000000b27c       0x22 modules/mcuboot/boot/bootutil/zephyr/libmcuboot_util.a(bootutil_public.c.obj)
 .text.boot_swap_info_off
                0x000000000000b29e        0x6 modules/mcuboot/boot/bootutil/zephyr/libmcuboot_util.a(bootutil_public.c.obj)
                0x000000000000b29e                boot_swap_info_off
 .text.boot_magic_compatible_check
                0x000000000000b2a4       0x1c modules/mcuboot/boot/bootutil/zephyr/libmcuboot_util.a(bootutil_public.c.obj)
                0x000000000000b2a4                boot_magic_compatible_check
 .text.bootutil_buffer_is_erased
                0x000000000000b2c0        0xc modules/mcuboot/boot/bootutil/zephyr/libmcuboot_util.a(bootutil_public.c.obj)
                0x000000000000b2c0                bootutil_buffer_is_erased
 .text.boot_read_flag
                0x000000000000b2cc       0x3a modules/mcuboot/boot/bootutil/zephyr/libmcuboot_util.a(bootutil_public.c.obj)
 .text.boot_write_trailer
                0x000000000000b306       0x5a modules/mcuboot/boot/bootutil/zephyr/libmcuboot_util.a(bootutil_public.c.obj)
                0x000000000000b306                boot_write_trailer
 .text.boot_write_trailer_flag
                0x000000000000b360       0x14 modules/mcuboot/boot/bootutil/zephyr/libmcuboot_util.a(bootutil_public.c.obj)
                0x000000000000b360                boot_write_trailer_flag
 .text.boot_write_image_ok
                0x000000000000b374        0xa modules/mcuboot/boot/bootutil/zephyr/libmcuboot_util.a(bootutil_public.c.obj)
                0x000000000000b374                boot_write_image_ok
 .text.boot_read_image_ok
                0x000000000000b37e        0x8 modules/mcuboot/boot/bootutil/zephyr/libmcuboot_util.a(bootutil_public.c.obj)
                0x000000000000b37e                boot_read_image_ok
 .text.boot_read_swap_state_by_id
                0x000000000000b386       0x28 modules/mcuboot/boot/bootutil/zephyr/libmcuboot_util.a(bootutil_public.c.obj)
                0x000000000000b386                boot_read_swap_state_by_id
 .text.boot_write_swap_info
                0x000000000000b3ae       0x1e modules/mcuboot/boot/bootutil/zephyr/libmcuboot_util.a(bootutil_public.c.obj)
                0x000000000000b3ae                boot_write_swap_info
 .text.nrfx_isr
                0x000000000000b3cc        0x2 modules/hal_nordic/nrfx/libmodules__hal_nordic__nrfx.a(nrfx_glue.c.obj)
                0x000000000000b3cc                nrfx_isr
 .text.nrfx_busy_wait
                0x000000000000b3ce        0x4 modules/hal_nordic/nrfx/libmodules__hal_nordic__nrfx.a(nrfx_glue.c.obj)
                0x000000000000b3ce                nrfx_busy_wait
 .text.nrfx_nvmc_flash_size_get
                0x000000000000b3d2        0xc modules/hal_nordic/nrfx/libmodules__hal_nordic__nrfx.a(nrfx_nvmc.c.obj)
                0x000000000000b3d2                nrfx_nvmc_flash_size_get
 .text.nrfx_nvmc_flash_page_size_get
                0x000000000000b3de        0x8 modules/hal_nordic/nrfx/libmodules__hal_nordic__nrfx.a(nrfx_nvmc.c.obj)
                0x000000000000b3de                nrfx_nvmc_flash_page_size_get
 .text.nrfx_nvmc_flash_page_count_get
                0x000000000000b3e6        0x8 modules/hal_nordic/nrfx/libmodules__hal_nordic__nrfx.a(nrfx_nvmc.c.obj)
                0x000000000000b3e6                nrfx_nvmc_flash_page_count_get
 .text.nrf_power_event_get_and_clear.constprop.0
                0x000000000000b3ee       0x18 modules/hal_nordic/nrfx/libmodules__hal_nordic__nrfx.a(nrfx_power.c.obj)
 .text.nrfx_power_usbevt_enable
                0x000000000000b406        0xe modules/hal_nordic/nrfx/libmodules__hal_nordic__nrfx.a(nrfx_power.c.obj)
                0x000000000000b406                nrfx_power_usbevt_enable
 .text.nrfx_power_usbevt_disable
                0x000000000000b414        0xe modules/hal_nordic/nrfx/libmodules__hal_nordic__nrfx.a(nrfx_power.c.obj)
                0x000000000000b414                nrfx_power_usbevt_disable
 .text.nrfx_power_clock_irq_handler
                0x000000000000b422        0xe modules/hal_nordic/nrfx/libmodules__hal_nordic__nrfx.a(nrfx_power.c.obj)
                0x000000000000b422                nrfx_power_clock_irq_handler
 .text.nrfx_usbd_consumer
                0x000000000000b430       0x2e modules/hal_nordic/nrfx/libmodules__hal_nordic__nrfx.a(nrfx_usbd.c.obj)
                0x000000000000b430                nrfx_usbd_consumer
 .text.nrfx_usbd_feeder_ram
                0x000000000000b45e       0x22 modules/hal_nordic/nrfx/libmodules__hal_nordic__nrfx.a(nrfx_usbd.c.obj)
                0x000000000000b45e                nrfx_usbd_feeder_ram
 .text.nrfx_usbd_feeder_ram_zlp
                0x000000000000b480       0x2a modules/hal_nordic/nrfx/libmodules__hal_nordic__nrfx.a(nrfx_usbd.c.obj)
                0x000000000000b480                nrfx_usbd_feeder_ram_zlp
 .text.ep2bit   0x000000000000b4aa       0x12 modules/hal_nordic/nrfx/libmodules__hal_nordic__nrfx.a(nrfx_usbd.c.obj)
 .text.ev_started_handler
                0x000000000000b4bc        0x2 modules/hal_nordic/nrfx/libmodules__hal_nordic__nrfx.a(nrfx_usbd.c.obj)
 .text.ev_dma_epin0_handler
                0x000000000000b4be        0x4 modules/hal_nordic/nrfx/libmodules__hal_nordic__nrfx.a(nrfx_usbd.c.obj)
 .text.nrf_usbd_epin_dma_handler
                0x000000000000b4c2       0x32 modules/hal_nordic/nrfx/libmodules__hal_nordic__nrfx.a(nrfx_usbd.c.obj)
 .text.ev_dma_epin7_handler
                0x000000000000b4f4        0x6 modules/hal_nordic/nrfx/libmodules__hal_nordic__nrfx.a(nrfx_usbd.c.obj)
 .text.ev_dma_epin6_handler
                0x000000000000b4fa        0x6 modules/hal_nordic/nrfx/libmodules__hal_nordic__nrfx.a(nrfx_usbd.c.obj)
 .text.ev_dma_epin5_handler
                0x000000000000b500        0x6 modules/hal_nordic/nrfx/libmodules__hal_nordic__nrfx.a(nrfx_usbd.c.obj)
 .text.ev_dma_epin4_handler
                0x000000000000b506        0x6 modules/hal_nordic/nrfx/libmodules__hal_nordic__nrfx.a(nrfx_usbd.c.obj)
 .text.ev_dma_epin3_handler
                0x000000000000b50c        0x6 modules/hal_nordic/nrfx/libmodules__hal_nordic__nrfx.a(nrfx_usbd.c.obj)
 .text.ev_dma_epin2_handler
                0x000000000000b512        0x6 modules/hal_nordic/nrfx/libmodules__hal_nordic__nrfx.a(nrfx_usbd.c.obj)
 .text.ev_dma_epin1_handler
                0x000000000000b518        0x6 modules/hal_nordic/nrfx/libmodules__hal_nordic__nrfx.a(nrfx_usbd.c.obj)
 .text.nrfx_usbd_ep_max_packet_size_set